ARM GAS  C:\Users\paulb\AppData\Local\Temp\ccNRWkKJ.s 			page 1


   1              		.cpu cortex-m7
   2              		.eabi_attribute 28, 1
   3              		.eabi_attribute 20, 1
   4              		.eabi_attribute 21, 1
   5              		.eabi_attribute 23, 3
   6              		.eabi_attribute 24, 1
   7              		.eabi_attribute 25, 1
   8              		.eabi_attribute 26, 1
   9              		.eabi_attribute 30, 2
  10              		.eabi_attribute 34, 1
  11              		.eabi_attribute 18, 4
  12              		.file	"Blink.cpp"
  13              		.text
  14              	.Ltext0:
  15              		.cfi_sections	.debug_frame
  16              		.section	.text._ZN5daisy9DaisySeedD2Ev,"axG",%progbits,_ZN5daisy9DaisySeedD5Ev,comdat
  17              		.align	1
  18              		.p2align 2,,3
  19              		.weak	_ZN5daisy9DaisySeedD2Ev
  20              		.arch armv7e-m
  21              		.syntax unified
  22              		.thumb
  23              		.thumb_func
  24              		.fpu fpv5-d16
  26              	_ZN5daisy9DaisySeedD2Ev:
  27              	.LVL0:
  28              	.LFB2555:
  29              		.file 1 "../../libDaisy/src/daisy_seed.h"
   1:../../libDaisy/src/daisy_seed.h **** #pragma once
   2:../../libDaisy/src/daisy_seed.h **** #ifndef DSY_SEED_H
   3:../../libDaisy/src/daisy_seed.h **** #define DSY_SEED_H
   4:../../libDaisy/src/daisy_seed.h **** 
   5:../../libDaisy/src/daisy_seed.h **** #include "daisy.h"
   6:../../libDaisy/src/daisy_seed.h **** 
   7:../../libDaisy/src/daisy_seed.h **** //Uncomment this out if you're still using the rev2 hardware
   8:../../libDaisy/src/daisy_seed.h **** //#define SEED_REV2
   9:../../libDaisy/src/daisy_seed.h **** 
  10:../../libDaisy/src/daisy_seed.h **** namespace daisy
  11:../../libDaisy/src/daisy_seed.h **** {
  12:../../libDaisy/src/daisy_seed.h **** /**
  13:../../libDaisy/src/daisy_seed.h ****    @brief This is the higher-level interface for the Daisy board. \n 
  14:../../libDaisy/src/daisy_seed.h ****     All basic peripheral configuration/initialization is setup here. \n
  15:../../libDaisy/src/daisy_seed.h **** 
  16:../../libDaisy/src/daisy_seed.h ****    @ingroup boards
  17:../../libDaisy/src/daisy_seed.h **** */
  18:../../libDaisy/src/daisy_seed.h **** class DaisySeed
  19:../../libDaisy/src/daisy_seed.h **** {
  20:../../libDaisy/src/daisy_seed.h ****   public:
  21:../../libDaisy/src/daisy_seed.h ****     DaisySeed() {}
  22:../../libDaisy/src/daisy_seed.h ****     ~DaisySeed() {}
  30              		.loc 1 22 5 view -0
  31              		.cfi_startproc
  32              		@ args = 0, pretend = 0, frame = 0
  33              		@ frame_needed = 0, uses_anonymous_args = 0
  34              		@ link register save eliminated.
  35              	.LBB79:
  36              	.LBI79:
ARM GAS  C:\Users\paulb\AppData\Local\Temp\ccNRWkKJ.s 			page 2


  37              		.file 2 "../../libDaisy/src/sys/system.h"
   1:../../libDaisy/src/sys/system.h **** #ifndef DSY_SYSTEM_H
   2:../../libDaisy/src/sys/system.h **** #define DSY_SYSTEM_H
   3:../../libDaisy/src/sys/system.h **** 
   4:../../libDaisy/src/sys/system.h **** #ifndef UNIT_TEST // for unit tests, a dummy implementation is provided below
   5:../../libDaisy/src/sys/system.h **** 
   6:../../libDaisy/src/sys/system.h **** #include <cstdint>
   7:../../libDaisy/src/sys/system.h **** #include "per/tim.h"
   8:../../libDaisy/src/sys/system.h **** 
   9:../../libDaisy/src/sys/system.h **** namespace daisy
  10:../../libDaisy/src/sys/system.h **** {
  11:../../libDaisy/src/sys/system.h **** /** A handle for interacting with the Core System.
  12:../../libDaisy/src/sys/system.h ****  ** This includes the Clock tree, MPU, global DMA initialization,
  13:../../libDaisy/src/sys/system.h ****  ** cache handling, and any other necessary global initiailzation
  14:../../libDaisy/src/sys/system.h ****  **
  15:../../libDaisy/src/sys/system.h ****  ** @author shensley
  16:../../libDaisy/src/sys/system.h ****  ** @ingroup system
  17:../../libDaisy/src/sys/system.h ****  */
  18:../../libDaisy/src/sys/system.h **** class System
  19:../../libDaisy/src/sys/system.h **** {
  20:../../libDaisy/src/sys/system.h ****   public:
  21:../../libDaisy/src/sys/system.h ****     /** Contains settings for initializing the System */
  22:../../libDaisy/src/sys/system.h ****     struct Config
  23:../../libDaisy/src/sys/system.h ****     {
  24:../../libDaisy/src/sys/system.h ****         /** Specifies the system clock frequency that feeds APB/AHB clocks, etc. */
  25:../../libDaisy/src/sys/system.h ****         enum class SysClkFreq
  26:../../libDaisy/src/sys/system.h ****         {
  27:../../libDaisy/src/sys/system.h ****             FREQ_400MHZ,
  28:../../libDaisy/src/sys/system.h ****             FREQ_480MHZ,
  29:../../libDaisy/src/sys/system.h ****         };
  30:../../libDaisy/src/sys/system.h **** 
  31:../../libDaisy/src/sys/system.h ****         /** Method to call on the struct to set to defaults
  32:../../libDaisy/src/sys/system.h ****          ** CPU Freq set to 400MHz
  33:../../libDaisy/src/sys/system.h ****          ** Cache Enabled
  34:../../libDaisy/src/sys/system.h ****          ** */
  35:../../libDaisy/src/sys/system.h ****         void Defaults()
  36:../../libDaisy/src/sys/system.h ****         {
  37:../../libDaisy/src/sys/system.h ****             cpu_freq    = SysClkFreq::FREQ_400MHZ;
  38:../../libDaisy/src/sys/system.h ****             use_dcache  = true;
  39:../../libDaisy/src/sys/system.h ****             use_icache  = true;
  40:../../libDaisy/src/sys/system.h ****             skip_clocks = false;
  41:../../libDaisy/src/sys/system.h ****         }
  42:../../libDaisy/src/sys/system.h **** 
  43:../../libDaisy/src/sys/system.h ****         /** Method to call on the struct to set to boost mode:
  44:../../libDaisy/src/sys/system.h ****          ** CPU Freq set to 480MHz
  45:../../libDaisy/src/sys/system.h ****          ** Cache Enabled
  46:../../libDaisy/src/sys/system.h ****          ** */
  47:../../libDaisy/src/sys/system.h ****         void Boost()
  48:../../libDaisy/src/sys/system.h ****         {
  49:../../libDaisy/src/sys/system.h ****             cpu_freq    = SysClkFreq::FREQ_480MHZ;
  50:../../libDaisy/src/sys/system.h ****             use_dcache  = true;
  51:../../libDaisy/src/sys/system.h ****             use_icache  = true;
  52:../../libDaisy/src/sys/system.h ****             skip_clocks = false;
  53:../../libDaisy/src/sys/system.h ****         }
  54:../../libDaisy/src/sys/system.h **** 
  55:../../libDaisy/src/sys/system.h ****         SysClkFreq cpu_freq;
  56:../../libDaisy/src/sys/system.h ****         bool       use_dcache;
ARM GAS  C:\Users\paulb\AppData\Local\Temp\ccNRWkKJ.s 			page 3


  57:../../libDaisy/src/sys/system.h ****         bool       use_icache;
  58:../../libDaisy/src/sys/system.h ****         bool       skip_clocks;
  59:../../libDaisy/src/sys/system.h ****     };
  60:../../libDaisy/src/sys/system.h **** 
  61:../../libDaisy/src/sys/system.h ****     /** Describes the different regions of memory available to the Daisy */
  62:../../libDaisy/src/sys/system.h ****     enum MemoryRegion
  63:../../libDaisy/src/sys/system.h ****     {
  64:../../libDaisy/src/sys/system.h ****         INTERNAL_FLASH = 0,
  65:../../libDaisy/src/sys/system.h ****         ITCMRAM,
  66:../../libDaisy/src/sys/system.h ****         DTCMRAM,
  67:../../libDaisy/src/sys/system.h ****         SRAM_D1,
  68:../../libDaisy/src/sys/system.h ****         SRAM_D2,
  69:../../libDaisy/src/sys/system.h ****         SRAM_D3,
  70:../../libDaisy/src/sys/system.h ****         SDRAM,
  71:../../libDaisy/src/sys/system.h ****         QSPI,
  72:../../libDaisy/src/sys/system.h ****         INVALID_ADDRESS,
  73:../../libDaisy/src/sys/system.h ****     };
  74:../../libDaisy/src/sys/system.h **** 
  75:../../libDaisy/src/sys/system.h ****     /** Bootloader struct for controlling bootloading parameters */
  76:../../libDaisy/src/sys/system.h ****     struct BootInfo
  77:../../libDaisy/src/sys/system.h ****     {
  78:../../libDaisy/src/sys/system.h ****         enum class Type : uint32_t
  79:../../libDaisy/src/sys/system.h ****         {
  80:../../libDaisy/src/sys/system.h ****             INVALID      = 0x00000000,
  81:../../libDaisy/src/sys/system.h ****             JUMP         = 0xDEADBEEF,
  82:../../libDaisy/src/sys/system.h ****             SKIP_TIMEOUT = 0x5AFEB007,
  83:../../libDaisy/src/sys/system.h ****             INF_TIMEOUT  = 0xB0074EFA,
  84:../../libDaisy/src/sys/system.h ****         } status;
  85:../../libDaisy/src/sys/system.h ****         uint32_t data;
  86:../../libDaisy/src/sys/system.h ****         enum class Version : uint32_t
  87:../../libDaisy/src/sys/system.h ****         {
  88:../../libDaisy/src/sys/system.h ****             LT_v6_0 = 0, // Less than v6.0
  89:../../libDaisy/src/sys/system.h ****             NONE,        // No bootloader present
  90:../../libDaisy/src/sys/system.h ****             v6_0,        // v6.0
  91:../../libDaisy/src/sys/system.h ****             v6_1,        // v6.1 or greater
  92:../../libDaisy/src/sys/system.h ****             LAST
  93:../../libDaisy/src/sys/system.h ****         } version;
  94:../../libDaisy/src/sys/system.h ****     };
  95:../../libDaisy/src/sys/system.h **** 
  96:../../libDaisy/src/sys/system.h ****     System() {}
  97:../../libDaisy/src/sys/system.h ****     ~System() {}
  38              		.loc 2 97 5 view .LVU1
  39              		.loc 2 97 5 is_stmt 0 view .LVU2
  40              	.LBE79:
  41              	.LBB80:
  42              	.LBI80:
  43              		.file 3 "../../libDaisy/src/hid/usb.h"
   1:../../libDaisy/src/hid/usb.h **** #pragma once
   2:../../libDaisy/src/hid/usb.h **** #ifndef DSY_HID_USB_H
   3:../../libDaisy/src/hid/usb.h **** #define DSY_HID_USB_H
   4:../../libDaisy/src/hid/usb.h **** #include <stdint.h>
   5:../../libDaisy/src/hid/usb.h **** #include <stdlib.h>
   6:../../libDaisy/src/hid/usb.h **** 
   7:../../libDaisy/src/hid/usb.h **** namespace daisy
   8:../../libDaisy/src/hid/usb.h **** /** @addtogroup human_interface
   9:../../libDaisy/src/hid/usb.h ****     @{
  10:../../libDaisy/src/hid/usb.h **** */
ARM GAS  C:\Users\paulb\AppData\Local\Temp\ccNRWkKJ.s 			page 4


  11:../../libDaisy/src/hid/usb.h **** 
  12:../../libDaisy/src/hid/usb.h **** {
  13:../../libDaisy/src/hid/usb.h **** /** 
  14:../../libDaisy/src/hid/usb.h ****     @brief Interface for initializing and using the USB Peripherals on the daisy
  15:../../libDaisy/src/hid/usb.h ****     @author Stephen Hensley
  16:../../libDaisy/src/hid/usb.h ****     @date December 2019
  17:../../libDaisy/src/hid/usb.h **** */
  18:../../libDaisy/src/hid/usb.h **** class UsbHandle
  19:../../libDaisy/src/hid/usb.h **** {
  20:../../libDaisy/src/hid/usb.h ****   public:
  21:../../libDaisy/src/hid/usb.h ****     /** Return values for USBHandle Functions */
  22:../../libDaisy/src/hid/usb.h ****     enum class Result
  23:../../libDaisy/src/hid/usb.h ****     {
  24:../../libDaisy/src/hid/usb.h ****         OK,
  25:../../libDaisy/src/hid/usb.h ****         ERR,
  26:../../libDaisy/src/hid/usb.h ****     };
  27:../../libDaisy/src/hid/usb.h **** 
  28:../../libDaisy/src/hid/usb.h ****     /** Specified which of the two USB Peripherals to initialize. */
  29:../../libDaisy/src/hid/usb.h ****     enum UsbPeriph
  30:../../libDaisy/src/hid/usb.h ****     {
  31:../../libDaisy/src/hid/usb.h ****         FS_INTERNAL, /**< Internal pin */
  32:../../libDaisy/src/hid/usb.h ****         FS_EXTERNAL, /**< FS External D+ pin is Pin 38 (GPIO32). FS External D- pin is Pin 37 (GPIO
  33:../../libDaisy/src/hid/usb.h ****         FS_BOTH,     /**< Both */
  34:../../libDaisy/src/hid/usb.h ****     };
  35:../../libDaisy/src/hid/usb.h **** 
  36:../../libDaisy/src/hid/usb.h **** 
  37:../../libDaisy/src/hid/usb.h ****     /** Function called upon reception of a buffer */
  38:../../libDaisy/src/hid/usb.h ****     typedef void (*ReceiveCallback)(uint8_t* buff, uint32_t* len);
  39:../../libDaisy/src/hid/usb.h **** 
  40:../../libDaisy/src/hid/usb.h ****     UsbHandle() {}
  41:../../libDaisy/src/hid/usb.h **** 
  42:../../libDaisy/src/hid/usb.h ****     ~UsbHandle() {}
  44              		.loc 3 42 5 is_stmt 1 view .LVU3
  45              		.loc 3 42 5 is_stmt 0 view .LVU4
  46              	.LBE80:
  47              	.LBB81:
  48              	.LBI81:
  49              		.file 4 "../../libDaisy/src/per/adc.h"
   1:../../libDaisy/src/per/adc.h **** #pragma once
   2:../../libDaisy/src/per/adc.h **** #ifndef DSY_ADC_H
   3:../../libDaisy/src/per/adc.h **** #define DSY_ADC_H /**< Macro */
   4:../../libDaisy/src/per/adc.h **** #include <stdint.h>
   5:../../libDaisy/src/per/adc.h **** #include <stdlib.h>
   6:../../libDaisy/src/per/adc.h **** #include "daisy_core.h"
   7:../../libDaisy/src/per/adc.h **** #include "per/gpio.h"
   8:../../libDaisy/src/per/adc.h **** 
   9:../../libDaisy/src/per/adc.h **** #define DSY_ADC_MAX_CHANNELS 16 /**< Maximum number of ADC channels */
  10:../../libDaisy/src/per/adc.h **** 
  11:../../libDaisy/src/per/adc.h **** namespace daisy
  12:../../libDaisy/src/per/adc.h **** {
  13:../../libDaisy/src/per/adc.h **** /** @addtogroup per_analog
  14:../../libDaisy/src/per/adc.h ****     @{
  15:../../libDaisy/src/per/adc.h **** */
  16:../../libDaisy/src/per/adc.h **** 
  17:../../libDaisy/src/per/adc.h **** /* While there may not be many configuration options here,
  18:../../libDaisy/src/per/adc.h **** using a struct like this allows us to add more configuration
  19:../../libDaisy/src/per/adc.h **** later without breaking existing functionality.
ARM GAS  C:\Users\paulb\AppData\Local\Temp\ccNRWkKJ.s 			page 5


  20:../../libDaisy/src/per/adc.h **** */
  21:../../libDaisy/src/per/adc.h **** 
  22:../../libDaisy/src/per/adc.h **** /** @brief   Configuration Structure for an ADC Channel 
  23:../../libDaisy/src/per/adc.h ****  *  @details This can be used to configure a a single input, 
  24:../../libDaisy/src/per/adc.h ****  *           or a multiplexed input, allowing up to 8 inputs on 
  25:../../libDaisy/src/per/adc.h ****  *           one channel.
  26:../../libDaisy/src/per/adc.h ****  *  @note    Sharing data lines to multiple muxes _is_ possible, but
  27:../../libDaisy/src/per/adc.h ****  *           each channel sharing data lines must be set to the maximum
  28:../../libDaisy/src/per/adc.h ****  *           number of channels, even if some multiplexers have fewer
  29:../../libDaisy/src/per/adc.h ****  *           inputs connected.
  30:../../libDaisy/src/per/adc.h **** */
  31:../../libDaisy/src/per/adc.h **** struct AdcChannelConfig
  32:../../libDaisy/src/per/adc.h **** {
  33:../../libDaisy/src/per/adc.h ****     /** Which pin to use for multiplexing */
  34:../../libDaisy/src/per/adc.h ****     enum MuxPin
  35:../../libDaisy/src/per/adc.h ****     {
  36:../../libDaisy/src/per/adc.h ****         MUX_SEL_0,    /**< & */
  37:../../libDaisy/src/per/adc.h ****         MUX_SEL_1,    /**< & */
  38:../../libDaisy/src/per/adc.h ****         MUX_SEL_2,    /**< & */
  39:../../libDaisy/src/per/adc.h ****         MUX_SEL_LAST, /**< & */
  40:../../libDaisy/src/per/adc.h ****     };
  41:../../libDaisy/src/per/adc.h **** 
  42:../../libDaisy/src/per/adc.h ****     /** \brief per channel conversion speed added to fixed time based on bitdepth, etc. */
  43:../../libDaisy/src/per/adc.h ****     enum ConversionSpeed
  44:../../libDaisy/src/per/adc.h ****     {
  45:../../libDaisy/src/per/adc.h ****         SPEED_1CYCLES_5,
  46:../../libDaisy/src/per/adc.h ****         SPEED_2CYCLES_5,
  47:../../libDaisy/src/per/adc.h ****         SPEED_8CYCLES_5,
  48:../../libDaisy/src/per/adc.h ****         SPEED_16CYCLES_5,
  49:../../libDaisy/src/per/adc.h ****         SPEED_32CYCLES_5,
  50:../../libDaisy/src/per/adc.h ****         SPEED_64CYCLES_5,
  51:../../libDaisy/src/per/adc.h ****         SPEED_387CYCLES_5,
  52:../../libDaisy/src/per/adc.h ****         SPEED_810CYCLES_5,
  53:../../libDaisy/src/per/adc.h ****     };
  54:../../libDaisy/src/per/adc.h **** 
  55:../../libDaisy/src/per/adc.h ****     /** Initializes a single ADC pin as an ADC. 
  56:../../libDaisy/src/per/adc.h ****     \param pin Pin to init.
  57:../../libDaisy/src/per/adc.h ****     \param speed conversion speed for this pin defaults to 8.5 cycles
  58:../../libDaisy/src/per/adc.h ****      */
  59:../../libDaisy/src/per/adc.h ****     void InitSingle(dsy_gpio_pin pin, ConversionSpeed speed = SPEED_8CYCLES_5);
  60:../../libDaisy/src/per/adc.h **** 
  61:../../libDaisy/src/per/adc.h ****     /** 
  62:../../libDaisy/src/per/adc.h ****     Initializes a single ADC pin as a Multiplexed ADC.
  63:../../libDaisy/src/per/adc.h ****     Requires a CD405X Multiplexer connected to the pin.
  64:../../libDaisy/src/per/adc.h ****     You only need to supply the mux pins that are required,
  65:../../libDaisy/src/per/adc.h ****     e.g. a 4052 mux would only require mux_0 and mux_1.
  66:../../libDaisy/src/per/adc.h ****     Internal Callbacks handle the pin addressing.
  67:../../libDaisy/src/per/adc.h ****     \param adc_pin &
  68:../../libDaisy/src/per/adc.h ****     \param mux_channels must be 1-8
  69:../../libDaisy/src/per/adc.h ****     \param mux_0 First mux pin
  70:../../libDaisy/src/per/adc.h ****     \param mux_1 Second mux pin
  71:../../libDaisy/src/per/adc.h ****     \param mux_2 Third mux pin
  72:../../libDaisy/src/per/adc.h ****     \param speed conversion speed for this pin defaults to 8.5 cycles
  73:../../libDaisy/src/per/adc.h ****     */
  74:../../libDaisy/src/per/adc.h ****     void InitMux(dsy_gpio_pin    adc_pin,
  75:../../libDaisy/src/per/adc.h ****                  size_t          mux_channels,
  76:../../libDaisy/src/per/adc.h ****                  dsy_gpio_pin    mux_0,
ARM GAS  C:\Users\paulb\AppData\Local\Temp\ccNRWkKJ.s 			page 6


  77:../../libDaisy/src/per/adc.h ****                  dsy_gpio_pin    mux_1 = {DSY_GPIOX, 0},
  78:../../libDaisy/src/per/adc.h ****                  dsy_gpio_pin    mux_2 = {DSY_GPIOX, 0},
  79:../../libDaisy/src/per/adc.h ****                  ConversionSpeed speed = SPEED_8CYCLES_5);
  80:../../libDaisy/src/per/adc.h **** 
  81:../../libDaisy/src/per/adc.h ****     dsy_gpio        pin_;                   /**< & */
  82:../../libDaisy/src/per/adc.h ****     dsy_gpio        mux_pin_[MUX_SEL_LAST]; /**< & */
  83:../../libDaisy/src/per/adc.h ****     uint8_t         mux_channels_;          /**< & */
  84:../../libDaisy/src/per/adc.h ****     ConversionSpeed speed_;
  85:../../libDaisy/src/per/adc.h **** };
  86:../../libDaisy/src/per/adc.h **** 
  87:../../libDaisy/src/per/adc.h **** /**
  88:../../libDaisy/src/per/adc.h ****    @brief Handler for analog to digital conversion
  89:../../libDaisy/src/per/adc.h **** */
  90:../../libDaisy/src/per/adc.h **** class AdcHandle
  91:../../libDaisy/src/per/adc.h **** {
  92:../../libDaisy/src/per/adc.h ****   public:
  93:../../libDaisy/src/per/adc.h ****     /** Supported oversampling amounts */
  94:../../libDaisy/src/per/adc.h ****     enum OverSampling
  95:../../libDaisy/src/per/adc.h ****     {
  96:../../libDaisy/src/per/adc.h ****         OVS_NONE, /**< & */
  97:../../libDaisy/src/per/adc.h ****         OVS_4,    /**< & */
  98:../../libDaisy/src/per/adc.h ****         OVS_8,    /**< & */
  99:../../libDaisy/src/per/adc.h ****         OVS_16,   /**< & */
 100:../../libDaisy/src/per/adc.h ****         OVS_32,   /**< & */
 101:../../libDaisy/src/per/adc.h ****         OVS_64,   /**< & */
 102:../../libDaisy/src/per/adc.h ****         OVS_128,  /**< & */
 103:../../libDaisy/src/per/adc.h ****         OVS_256,  /**< & */
 104:../../libDaisy/src/per/adc.h ****         OVS_512,  /**< & */
 105:../../libDaisy/src/per/adc.h ****         OVS_1024, /**< & */
 106:../../libDaisy/src/per/adc.h ****         OVS_LAST, /**< & */
 107:../../libDaisy/src/per/adc.h ****     };
 108:../../libDaisy/src/per/adc.h **** 
 109:../../libDaisy/src/per/adc.h ****     AdcHandle() {}
 110:../../libDaisy/src/per/adc.h ****     ~AdcHandle() {}
  50              		.loc 4 110 5 is_stmt 1 view .LVU5
  51              		.loc 4 110 5 is_stmt 0 view .LVU6
  52              	.LBE81:
  53              	.LBB82:
  54              	.LBI82:
  55              		.file 5 "../../libDaisy/src/hid/audio.h"
   1:../../libDaisy/src/hid/audio.h **** #ifndef DSY_AUDIO_H
   2:../../libDaisy/src/hid/audio.h **** #define DSY_AUDIO_H /**< & */
   3:../../libDaisy/src/hid/audio.h **** 
   4:../../libDaisy/src/hid/audio.h **** #include "per/sai.h"
   5:../../libDaisy/src/hid/audio.h **** 
   6:../../libDaisy/src/hid/audio.h **** namespace daisy
   7:../../libDaisy/src/hid/audio.h **** {
   8:../../libDaisy/src/hid/audio.h **** /** @brief Audio Engine Handle
   9:../../libDaisy/src/hid/audio.h ****  *  @ingroup audio 
  10:../../libDaisy/src/hid/audio.h ****  *  @details This class allows for higher level access to an audio engine.
  11:../../libDaisy/src/hid/audio.h ****  *           If you're using a SOM like the DaisySeed or DaisyPatchSM (or any 
  12:../../libDaisy/src/hid/audio.h ****  *            board that includes one of those objects) then the intialization
  13:../../libDaisy/src/hid/audio.h ****  *            is already taken  care of.
  14:../../libDaisy/src/hid/audio.h ****  *           If you're setting up your own custom hardware, or need to make changes
  15:../../libDaisy/src/hid/audio.h ****  *           you will have to take the following steps:
  16:../../libDaisy/src/hid/audio.h ****  *             1. Create and Initialize an SaiHandle or two depending on your requirements
  17:../../libDaisy/src/hid/audio.h ****  *             2. Initialize the Audio Handle with the desired settings and the Initialized SaiHand
ARM GAS  C:\Users\paulb\AppData\Local\Temp\ccNRWkKJ.s 			page 7


  18:../../libDaisy/src/hid/audio.h ****  *             3. If the connected codec requires special configuration or initialization, do so
  19:../../libDaisy/src/hid/audio.h ****  *             4. Write a callback method using either the AudioCallback or the InterleavingAudioCa
  20:../../libDaisy/src/hid/audio.h ****  *             5. Start the Audio using one of the StartAudio function
  21:../../libDaisy/src/hid/audio.h ****  */
  22:../../libDaisy/src/hid/audio.h **** class AudioHandle
  23:../../libDaisy/src/hid/audio.h **** {
  24:../../libDaisy/src/hid/audio.h ****   public:
  25:../../libDaisy/src/hid/audio.h ****     /** Manually configurable details about the Audio Engine */
  26:../../libDaisy/src/hid/audio.h ****     /** TODO: Figure out how to get samplerate in here. */
  27:../../libDaisy/src/hid/audio.h ****     struct Config
  28:../../libDaisy/src/hid/audio.h ****     {
  29:../../libDaisy/src/hid/audio.h ****         /** number of samples to process per callback */
  30:../../libDaisy/src/hid/audio.h ****         size_t blocksize;
  31:../../libDaisy/src/hid/audio.h **** 
  32:../../libDaisy/src/hid/audio.h ****         /**< Sample rate of audio */
  33:../../libDaisy/src/hid/audio.h ****         SaiHandle::Config::SampleRate samplerate;
  34:../../libDaisy/src/hid/audio.h **** 
  35:../../libDaisy/src/hid/audio.h ****         /** factor for adjustment before and after callback for hardware that may have extra headro
  36:../../libDaisy/src/hid/audio.h ****         float postgain;
  37:../../libDaisy/src/hid/audio.h **** 
  38:../../libDaisy/src/hid/audio.h ****         /** factor for additional one-sided compensation to audio path for hardware that may
  39:../../libDaisy/src/hid/audio.h ****          *  have unequal input/output ranges
  40:../../libDaisy/src/hid/audio.h ****          */
  41:../../libDaisy/src/hid/audio.h ****         float output_compensation;
  42:../../libDaisy/src/hid/audio.h **** 
  43:../../libDaisy/src/hid/audio.h ****         /** Sets default values for config struct */
  44:../../libDaisy/src/hid/audio.h ****         Config()
  45:../../libDaisy/src/hid/audio.h ****         : blocksize(48),
  46:../../libDaisy/src/hid/audio.h ****           samplerate(SaiHandle::Config::SampleRate::SAI_48KHZ),
  47:../../libDaisy/src/hid/audio.h ****           postgain(1.f),
  48:../../libDaisy/src/hid/audio.h ****           output_compensation(1.f)
  49:../../libDaisy/src/hid/audio.h ****         {
  50:../../libDaisy/src/hid/audio.h ****         }
  51:../../libDaisy/src/hid/audio.h ****     };
  52:../../libDaisy/src/hid/audio.h **** 
  53:../../libDaisy/src/hid/audio.h ****     enum class Result
  54:../../libDaisy/src/hid/audio.h ****     {
  55:../../libDaisy/src/hid/audio.h ****         OK,
  56:../../libDaisy/src/hid/audio.h ****         ERR,
  57:../../libDaisy/src/hid/audio.h ****     };
  58:../../libDaisy/src/hid/audio.h **** 
  59:../../libDaisy/src/hid/audio.h ****     /** Non-Interleaving input buffer
  60:../../libDaisy/src/hid/audio.h ****      * Buffer arranged by float[chn][sample] 
  61:../../libDaisy/src/hid/audio.h ****      * const so that the user can't modify the input
  62:../../libDaisy/src/hid/audio.h ****      */
  63:../../libDaisy/src/hid/audio.h ****     typedef const float* const* InputBuffer;
  64:../../libDaisy/src/hid/audio.h **** 
  65:../../libDaisy/src/hid/audio.h ****     /** Non-Interleaving output buffer
  66:../../libDaisy/src/hid/audio.h ****      * Arranged by float[chn][sample] 
  67:../../libDaisy/src/hid/audio.h ****      */
  68:../../libDaisy/src/hid/audio.h ****     typedef float** OutputBuffer;
  69:../../libDaisy/src/hid/audio.h **** 
  70:../../libDaisy/src/hid/audio.h ****     /** Type for a Non-Interleaving audio callback 
  71:../../libDaisy/src/hid/audio.h ****      * Non-Interleaving audio callbacks in daisy will be of this type
  72:../../libDaisy/src/hid/audio.h ****      */
  73:../../libDaisy/src/hid/audio.h ****     typedef void (*AudioCallback)(InputBuffer  in,
  74:../../libDaisy/src/hid/audio.h ****                                   OutputBuffer out,
ARM GAS  C:\Users\paulb\AppData\Local\Temp\ccNRWkKJ.s 			page 8


  75:../../libDaisy/src/hid/audio.h ****                                   size_t       size);
  76:../../libDaisy/src/hid/audio.h **** 
  77:../../libDaisy/src/hid/audio.h ****     /** Interleaving Input buffer
  78:../../libDaisy/src/hid/audio.h ****      ** audio is prepared as { L0, R0, L1, R1, . . . LN, RN }]
  79:../../libDaisy/src/hid/audio.h ****      ** this is const, as the user shouldn't modify it
  80:../../libDaisy/src/hid/audio.h ****     */
  81:../../libDaisy/src/hid/audio.h ****     typedef const float* InterleavingInputBuffer;
  82:../../libDaisy/src/hid/audio.h **** 
  83:../../libDaisy/src/hid/audio.h ****     /** Interleaving Output buffer 
  84:../../libDaisy/src/hid/audio.h ****      ** audio is prepared as { L0, R0, L1, R1, . . . LN, RN }
  85:../../libDaisy/src/hid/audio.h ****     */
  86:../../libDaisy/src/hid/audio.h ****     typedef float* InterleavingOutputBuffer;
  87:../../libDaisy/src/hid/audio.h **** 
  88:../../libDaisy/src/hid/audio.h ****     /** Interleaving Audio Callback 
  89:../../libDaisy/src/hid/audio.h ****      * Interleaving audio callbacks in daisy must be of this type
  90:../../libDaisy/src/hid/audio.h ****      */
  91:../../libDaisy/src/hid/audio.h ****     typedef void (*InterleavingAudioCallback)(InterleavingInputBuffer  in,
  92:../../libDaisy/src/hid/audio.h ****                                               InterleavingOutputBuffer out,
  93:../../libDaisy/src/hid/audio.h ****                                               size_t                   size);
  94:../../libDaisy/src/hid/audio.h **** 
  95:../../libDaisy/src/hid/audio.h ****     AudioHandle() : pimpl_(nullptr) {}
  96:../../libDaisy/src/hid/audio.h ****     ~AudioHandle() {}
  56              		.loc 5 96 5 is_stmt 1 view .LVU7
  57              		.loc 5 96 5 is_stmt 0 view .LVU8
  58              	.LBE82:
  59              		.loc 1 22 19 view .LVU9
  60 0000 7047     		bx	lr
  61              		.cfi_endproc
  62              	.LFE2555:
  64              		.weak	_ZN5daisy9DaisySeedD1Ev
  65              		.thumb_set _ZN5daisy9DaisySeedD1Ev,_ZN5daisy9DaisySeedD2Ev
  66 0002 00BF     		.section	.text._ZN7daisysp10OscillatorD2Ev,"axG",%progbits,_ZN7daisysp10OscillatorD5Ev,comdat
  67              		.align	1
  68              		.p2align 2,,3
  69              		.weak	_ZN7daisysp10OscillatorD2Ev
  70              		.syntax unified
  71              		.thumb
  72              		.thumb_func
  73              		.fpu fpv5-d16
  75              	_ZN7daisysp10OscillatorD2Ev:
  76              	.LVL1:
  77              	.LFB4240:
  78              		.file 6 "../../DaisySP/Source/Synthesis/oscillator.h"
   1:../../DaisySP/Source/Synthesis/oscillator.h **** /*
   2:../../DaisySP/Source/Synthesis/oscillator.h **** Copyright (c) 2020 Electrosmith, Corp
   3:../../DaisySP/Source/Synthesis/oscillator.h **** 
   4:../../DaisySP/Source/Synthesis/oscillator.h **** Use of this source code is governed by an MIT-style
   5:../../DaisySP/Source/Synthesis/oscillator.h **** license that can be found in the LICENSE file or at
   6:../../DaisySP/Source/Synthesis/oscillator.h **** https://opensource.org/licenses/MIT.
   7:../../DaisySP/Source/Synthesis/oscillator.h **** */
   8:../../DaisySP/Source/Synthesis/oscillator.h **** 
   9:../../DaisySP/Source/Synthesis/oscillator.h **** #pragma once
  10:../../DaisySP/Source/Synthesis/oscillator.h **** #ifndef DSY_OSCILLATOR_H
  11:../../DaisySP/Source/Synthesis/oscillator.h **** #define DSY_OSCILLATOR_H
  12:../../DaisySP/Source/Synthesis/oscillator.h **** #include <stdint.h>
  13:../../DaisySP/Source/Synthesis/oscillator.h **** #include "Utility/dsp.h"
  14:../../DaisySP/Source/Synthesis/oscillator.h **** #ifdef __cplusplus
ARM GAS  C:\Users\paulb\AppData\Local\Temp\ccNRWkKJ.s 			page 9


  15:../../DaisySP/Source/Synthesis/oscillator.h **** 
  16:../../DaisySP/Source/Synthesis/oscillator.h **** namespace daisysp
  17:../../DaisySP/Source/Synthesis/oscillator.h **** {
  18:../../DaisySP/Source/Synthesis/oscillator.h **** /** Synthesis of several waveforms, including polyBLEP bandlimited waveforms.
  19:../../DaisySP/Source/Synthesis/oscillator.h **** */
  20:../../DaisySP/Source/Synthesis/oscillator.h **** class Oscillator
  21:../../DaisySP/Source/Synthesis/oscillator.h **** {
  22:../../DaisySP/Source/Synthesis/oscillator.h ****   public:
  23:../../DaisySP/Source/Synthesis/oscillator.h ****     Oscillator() {}
  24:../../DaisySP/Source/Synthesis/oscillator.h ****     ~Oscillator() {}
  79              		.loc 6 24 5 is_stmt 1 view -0
  80              		.cfi_startproc
  81              		@ args = 0, pretend = 0, frame = 0
  82              		@ frame_needed = 0, uses_anonymous_args = 0
  83              		@ link register save eliminated.
  84              		.loc 6 24 20 is_stmt 0 view .LVU11
  85 0000 7047     		bx	lr
  86              		.cfi_endproc
  87              	.LFE4240:
  89              		.weak	_ZN7daisysp10OscillatorD1Ev
  90              		.thumb_set _ZN7daisysp10OscillatorD1Ev,_ZN7daisysp10OscillatorD2Ev
  91              		.section	.text._Z10MyCallbackPKfPfj,"ax",%progbits
  92              		.align	1
  93              		.p2align 2,,3
  94              		.global	_Z10MyCallbackPKfPfj
  95              		.syntax unified
  96              		.thumb
  97              		.thumb_func
  98              		.fpu fpv5-d16
 100              	_Z10MyCallbackPKfPfj:
 101              	.LVL2:
 102              	.LFB4681:
 103              		.file 7 "Blink.cpp"
   1:Blink.cpp     **** #include "daisy_seed.h"
   2:Blink.cpp     **** #include "daisysp.h"
   3:Blink.cpp     **** 
   4:Blink.cpp     **** // Use the daisy namespace to prevent having to type
   5:Blink.cpp     **** // daisy:: before all libdaisy functions
   6:Blink.cpp     **** using namespace daisy;
   7:Blink.cpp     **** using namespace daisysp;
   8:Blink.cpp     **** 
   9:Blink.cpp     **** // Declare a DaisySeed object called hardware
  10:Blink.cpp     **** DaisySeed hardware;
  11:Blink.cpp     **** 
  12:Blink.cpp     **** Oscillator osc;
  13:Blink.cpp     **** 
  14:Blink.cpp     **** void MyCallback(AudioHandle::InterleavingInputBuffer  in,
  15:Blink.cpp     ****                 AudioHandle::InterleavingOutputBuffer out,
  16:Blink.cpp     ****                 size_t                                size)
  17:Blink.cpp     **** 
  18:Blink.cpp     **** {
 104              		.loc 7 18 1 is_stmt 1 view -0
 105              		.cfi_startproc
 106              		@ args = 0, pretend = 0, frame = 0
 107              		@ frame_needed = 0, uses_anonymous_args = 0
  19:Blink.cpp     ****     
  20:Blink.cpp     ****     for(size_t i = 0; i < size; i += 2)
ARM GAS  C:\Users\paulb\AppData\Local\Temp\ccNRWkKJ.s 			page 10


 108              		.loc 7 20 5 view .LVU13
 109              	.LBB83:
 110              		.loc 7 20 25 view .LVU14
 111 0000 8AB1     		cbz	r2, .L12
 112 0002 013A     		subs	r2, r2, #1
 113              	.LVL3:
 114              		.loc 7 20 25 is_stmt 0 view .LVU15
 115              	.LBE83:
  18:Blink.cpp     ****     
 116              		.loc 7 18 1 view .LVU16
 117 0004 70B5     		push	{r4, r5, r6, lr}
 118              		.cfi_def_cfa_offset 16
 119              		.cfi_offset 4, -16
 120              		.cfi_offset 5, -12
 121              		.cfi_offset 6, -8
 122              		.cfi_offset 14, -4
 123 0006 0C46     		mov	r4, r1
 124              	.LBB88:
 125              		.loc 7 20 25 view .LVU17
 126 0008 0025     		movs	r5, #0
 127 000a 5608     		lsrs	r6, r2, #1
 128              	.LVL4:
 129              	.L6:
 130              	.LBB84:
  21:Blink.cpp     ****     {
  22:Blink.cpp     ****         float osc_out = osc.Process();
 131              		.loc 7 22 9 is_stmt 1 discriminator 2 view .LVU18
 132              		.loc 7 22 36 is_stmt 0 discriminator 2 view .LVU19
 133 000c 0648     		ldr	r0, .L15
 134              	.LBE84:
  20:Blink.cpp     ****     {
 135              		.loc 7 20 25 discriminator 2 view .LVU20
 136 000e 0834     		adds	r4, r4, #8
 137              	.LBB85:
 138              		.loc 7 22 36 discriminator 2 view .LVU21
 139 0010 FFF7FEFF 		bl	_ZN7daisysp10Oscillator7ProcessEv
 140              	.LVL5:
  23:Blink.cpp     ****         out[i]     = osc_out;
 141              		.loc 7 23 9 is_stmt 1 discriminator 2 view .LVU22
 142              	.LBE85:
  20:Blink.cpp     ****     {
 143              		.loc 7 20 25 is_stmt 0 discriminator 2 view .LVU23
 144 0014 AE42     		cmp	r6, r5
 145              	.LBB86:
 146              		.loc 7 23 20 discriminator 2 view .LVU24
 147 0016 04ED020A 		vstr.32	s0, [r4, #-8]
  24:Blink.cpp     ****         out[i + 1] = osc_out;
 148              		.loc 7 24 9 is_stmt 1 discriminator 2 view .LVU25
 149              	.LBE86:
  20:Blink.cpp     ****     {
 150              		.loc 7 20 25 is_stmt 0 discriminator 2 view .LVU26
 151 001a 05F10105 		add	r5, r5, #1
 152              	.LVL6:
 153              	.LBB87:
 154              		.loc 7 24 20 discriminator 2 view .LVU27
 155 001e 04ED010A 		vstr.32	s0, [r4, #-4]
 156              	.LBE87:
ARM GAS  C:\Users\paulb\AppData\Local\Temp\ccNRWkKJ.s 			page 11


  20:Blink.cpp     ****     {
 157              		.loc 7 20 5 is_stmt 1 discriminator 2 view .LVU28
 158              	.LVL7:
  20:Blink.cpp     ****     {
 159              		.loc 7 20 25 discriminator 2 view .LVU29
 160 0022 F3D1     		bne	.L6
 161              	.LBE88:
  25:Blink.cpp     ****     }
  26:Blink.cpp     **** }
 162              		.loc 7 26 1 is_stmt 0 view .LVU30
 163 0024 70BD     		pop	{r4, r5, r6, pc}
 164              	.LVL8:
 165              	.L12:
 166              		.cfi_def_cfa_offset 0
 167              		.cfi_restore 4
 168              		.cfi_restore 5
 169              		.cfi_restore 6
 170              		.cfi_restore 14
 171              		.loc 7 26 1 view .LVU31
 172 0026 7047     		bx	lr
 173              	.L16:
 174              		.align	2
 175              	.L15:
 176 0028 00000000 		.word	.LANCHOR0
 177              		.cfi_endproc
 178              	.LFE4681:
 180              		.section	.text.startup.main,"ax",%progbits
 181              		.align	1
 182              		.p2align 2,,3
 183              		.global	main
 184              		.syntax unified
 185              		.thumb
 186              		.thumb_func
 187              		.fpu fpv5-d16
 189              	main:
 190              	.LFB4682:
  27:Blink.cpp     **** 
  28:Blink.cpp     **** int main(void)
  29:Blink.cpp     **** {
 191              		.loc 7 29 1 is_stmt 1 view -0
 192              		.cfi_startproc
 193              		@ args = 0, pretend = 0, frame = 0
 194              		@ frame_needed = 0, uses_anonymous_args = 0
  30:Blink.cpp     ****     // Declare a variable to store the state we want to set for the LED.
  31:Blink.cpp     ****     bool led_state;
 195              		.loc 7 31 5 view .LVU33
  32:Blink.cpp     ****     led_state = true;
 196              		.loc 7 32 5 view .LVU34
 197              	.LVL9:
  33:Blink.cpp     **** 
  34:Blink.cpp     ****     // Configure and Initialize the Daisy Seed
  35:Blink.cpp     ****     // These are separate to allow reconfiguration of any of the internal
  36:Blink.cpp     ****     // components before initialization.
  37:Blink.cpp     ****     hardware.Configure();
 198              		.loc 7 37 5 view .LVU35
  29:Blink.cpp     ****     // Declare a variable to store the state we want to set for the LED.
 199              		.loc 7 29 1 is_stmt 0 view .LVU36
ARM GAS  C:\Users\paulb\AppData\Local\Temp\ccNRWkKJ.s 			page 12


 200 0000 38B5     		push	{r3, r4, r5, lr}
 201              		.cfi_def_cfa_offset 16
 202              		.cfi_offset 3, -16
 203              		.cfi_offset 4, -12
 204              		.cfi_offset 5, -8
 205              		.cfi_offset 14, -4
 206              		.loc 7 37 23 view .LVU37
 207 0002 2548     		ldr	r0, .L20
  32:Blink.cpp     ****     led_state = true;
 208              		.loc 7 32 15 view .LVU38
 209 0004 0124     		movs	r4, #1
 210              	.LBB95:
 211              	.LBB96:
  25:../../DaisySP/Source/Synthesis/oscillator.h ****     /** Choices for output waveforms, POLYBLEP are appropriately labeled. Others are naive forms.
  26:../../DaisySP/Source/Synthesis/oscillator.h ****     */
  27:../../DaisySP/Source/Synthesis/oscillator.h ****     enum
  28:../../DaisySP/Source/Synthesis/oscillator.h ****     {
  29:../../DaisySP/Source/Synthesis/oscillator.h ****         WAVE_SIN,
  30:../../DaisySP/Source/Synthesis/oscillator.h ****         WAVE_TRI,
  31:../../DaisySP/Source/Synthesis/oscillator.h ****         WAVE_SAW,
  32:../../DaisySP/Source/Synthesis/oscillator.h ****         WAVE_RAMP,
  33:../../DaisySP/Source/Synthesis/oscillator.h ****         WAVE_SQUARE,
  34:../../DaisySP/Source/Synthesis/oscillator.h ****         WAVE_POLYBLEP_TRI,
  35:../../DaisySP/Source/Synthesis/oscillator.h ****         WAVE_POLYBLEP_SAW,
  36:../../DaisySP/Source/Synthesis/oscillator.h ****         WAVE_POLYBLEP_SQUARE,
  37:../../DaisySP/Source/Synthesis/oscillator.h ****         WAVE_LAST,
  38:../../DaisySP/Source/Synthesis/oscillator.h ****     };
  39:../../DaisySP/Source/Synthesis/oscillator.h **** 
  40:../../DaisySP/Source/Synthesis/oscillator.h **** 
  41:../../DaisySP/Source/Synthesis/oscillator.h ****     /** Initializes the Oscillator
  42:../../DaisySP/Source/Synthesis/oscillator.h **** 
  43:../../DaisySP/Source/Synthesis/oscillator.h ****         \param sample_rate - sample rate of the audio engine being run, and the frequency that the 
  44:../../DaisySP/Source/Synthesis/oscillator.h **** 
  45:../../DaisySP/Source/Synthesis/oscillator.h ****         Defaults:
  46:../../DaisySP/Source/Synthesis/oscillator.h ****         - freq_ = 100 Hz
  47:../../DaisySP/Source/Synthesis/oscillator.h ****         - amp_ = 0.5
  48:../../DaisySP/Source/Synthesis/oscillator.h ****         - waveform_ = sine wave.
  49:../../DaisySP/Source/Synthesis/oscillator.h ****     */
  50:../../DaisySP/Source/Synthesis/oscillator.h ****     void Init(float sample_rate)
  51:../../DaisySP/Source/Synthesis/oscillator.h ****     {
  52:../../DaisySP/Source/Synthesis/oscillator.h ****         sr_        = sample_rate;
 212              		.loc 6 52 20 view .LVU39
 213 0006 254D     		ldr	r5, .L20+4
 214              	.LBE96:
 215              	.LBE95:
  29:Blink.cpp     ****     // Declare a variable to store the state we want to set for the LED.
 216              		.loc 7 29 1 view .LVU40
 217 0008 2DED028B 		vpush.64	{d8}
 218              		.cfi_def_cfa_offset 24
 219              		.cfi_offset 80, -24
 220              		.cfi_offset 81, -20
 221              		.loc 7 37 23 view .LVU41
 222 000c FFF7FEFF 		bl	_ZN5daisy9DaisySeed9ConfigureEv
 223              	.LVL10:
  38:Blink.cpp     ****     hardware.Init();
 224              		.loc 7 38 5 is_stmt 1 view .LVU42
 225              		.loc 7 38 18 is_stmt 0 view .LVU43
ARM GAS  C:\Users\paulb\AppData\Local\Temp\ccNRWkKJ.s 			page 13


 226 0010 0021     		movs	r1, #0
 227 0012 2148     		ldr	r0, .L20
 228              	.LBB101:
 229              	.LBB97:
  53:../../DaisySP/Source/Synthesis/oscillator.h ****         sr_recip_  = 1.0f / sample_rate;
 230              		.loc 6 53 27 view .LVU44
 231 0014 B7EE008A 		vmov.f32	s16, #1.0e+0
 232              	.LBE97:
 233              	.LBE101:
 234              		.loc 7 38 18 view .LVU45
 235 0018 FFF7FEFF 		bl	_ZN5daisy9DaisySeed4InitEb
 236              	.LVL11:
  39:Blink.cpp     ****     double sr = hardware.AudioSampleRate();
 237              		.loc 7 39 5 is_stmt 1 view .LVU46
 238              		.loc 7 39 41 is_stmt 0 view .LVU47
 239 001c 1E48     		ldr	r0, .L20
 240 001e FFF7FEFF 		bl	_ZN5daisy9DaisySeed15AudioSampleRateEv
 241              	.LVL12:
 242 0022 F0EE407A 		vmov.f32	s15, s0
 243              	.LVL13:
  40:Blink.cpp     **** 
  41:Blink.cpp     ****     osc.Init(sr);
 244              		.loc 7 41 5 is_stmt 1 view .LVU48
 245              	.LBB102:
 246              	.LBI95:
  50:../../DaisySP/Source/Synthesis/oscillator.h ****     {
 247              		.loc 6 50 10 view .LVU49
 248              	.LBB98:
  52:../../DaisySP/Source/Synthesis/oscillator.h ****         sr_recip_  = 1.0f / sample_rate;
 249              		.loc 6 52 9 view .LVU50
  54:../../DaisySP/Source/Synthesis/oscillator.h ****         freq_      = 100.0f;
 250              		.loc 6 54 20 is_stmt 0 view .LVU51
 251 0026 9FED1E7A 		vldr.32	s14, .L20+8
  55:../../DaisySP/Source/Synthesis/oscillator.h ****         amp_       = 0.5f;
 252              		.loc 6 55 20 view .LVU52
 253 002a 4FF07C53 		mov	r3, #1056964608
  56:../../DaisySP/Source/Synthesis/oscillator.h ****         pw_        = 0.5f;
  57:../../DaisySP/Source/Synthesis/oscillator.h ****         phase_     = 0.0f;
 254              		.loc 6 57 20 view .LVU53
 255 002e 0022     		movs	r2, #0
  58:../../DaisySP/Source/Synthesis/oscillator.h ****         phase_inc_ = CalcPhaseInc(freq_);
 256              		.loc 6 58 34 view .LVU54
 257 0030 2846     		mov	r0, r5
  53:../../DaisySP/Source/Synthesis/oscillator.h ****         freq_      = 100.0f;
 258              		.loc 6 53 27 view .LVU55
 259 0032 C8EE276A 		vdiv.f32	s13, s16, s15
  52:../../DaisySP/Source/Synthesis/oscillator.h ****         sr_recip_  = 1.0f / sample_rate;
 260              		.loc 6 52 20 view .LVU56
 261 0036 C5ED047A 		vstr.32	s15, [r5, #16]
  53:../../DaisySP/Source/Synthesis/oscillator.h ****         freq_      = 100.0f;
 262              		.loc 6 53 9 is_stmt 1 view .LVU57
  54:../../DaisySP/Source/Synthesis/oscillator.h ****         amp_       = 0.5f;
 263              		.loc 6 54 20 is_stmt 0 view .LVU58
 264 003a 85ED027A 		vstr.32	s14, [r5, #8]
  55:../../DaisySP/Source/Synthesis/oscillator.h ****         pw_        = 0.5f;
 265              		.loc 6 55 20 view .LVU59
 266 003e 6B60     		str	r3, [r5, #4]	@ float
ARM GAS  C:\Users\paulb\AppData\Local\Temp\ccNRWkKJ.s 			page 14


  56:../../DaisySP/Source/Synthesis/oscillator.h ****         phase_     = 0.0f;
 267              		.loc 6 56 20 view .LVU60
 268 0040 EB60     		str	r3, [r5, #12]	@ float
  57:../../DaisySP/Source/Synthesis/oscillator.h ****         phase_inc_ = CalcPhaseInc(freq_);
 269              		.loc 6 57 20 view .LVU61
 270 0042 AA61     		str	r2, [r5, #24]	@ float
 271              		.loc 6 58 34 view .LVU62
 272 0044 B0EE470A 		vmov.f32	s0, s14
 273              	.LVL14:
  53:../../DaisySP/Source/Synthesis/oscillator.h ****         freq_      = 100.0f;
 274              		.loc 6 53 20 view .LVU63
 275 0048 C5ED056A 		vstr.32	s13, [r5, #20]
  54:../../DaisySP/Source/Synthesis/oscillator.h ****         amp_       = 0.5f;
 276              		.loc 6 54 9 is_stmt 1 view .LVU64
  55:../../DaisySP/Source/Synthesis/oscillator.h ****         pw_        = 0.5f;
 277              		.loc 6 55 9 view .LVU65
  56:../../DaisySP/Source/Synthesis/oscillator.h ****         phase_     = 0.0f;
 278              		.loc 6 56 9 view .LVU66
  57:../../DaisySP/Source/Synthesis/oscillator.h ****         phase_inc_ = CalcPhaseInc(freq_);
 279              		.loc 6 57 9 view .LVU67
 280              		.loc 6 58 9 view .LVU68
 281              		.loc 6 58 34 is_stmt 0 view .LVU69
 282 004c FFF7FEFF 		bl	_ZN7daisysp10Oscillator12CalcPhaseIncEf
 283              	.LVL15:
 284              		.loc 6 58 34 view .LVU70
 285 0050 F0EE407A 		vmov.f32	s15, s0
  59:../../DaisySP/Source/Synthesis/oscillator.h ****         waveform_  = WAVE_SIN;
 286              		.loc 6 59 20 view .LVU71
 287 0054 0022     		movs	r2, #0
 288              	.LBE98:
 289              	.LBE102:
 290              	.LBB103:
 291              	.LBB104:
  60:../../DaisySP/Source/Synthesis/oscillator.h ****         eoc_       = true;
  61:../../DaisySP/Source/Synthesis/oscillator.h ****         eor_       = true;
  62:../../DaisySP/Source/Synthesis/oscillator.h ****     }
  63:../../DaisySP/Source/Synthesis/oscillator.h **** 
  64:../../DaisySP/Source/Synthesis/oscillator.h **** 
  65:../../DaisySP/Source/Synthesis/oscillator.h ****     /** Changes the frequency of the Oscillator, and recalculates phase increment.
  66:../../DaisySP/Source/Synthesis/oscillator.h ****     */
  67:../../DaisySP/Source/Synthesis/oscillator.h ****     inline void SetFreq(const float f)
  68:../../DaisySP/Source/Synthesis/oscillator.h ****     {
  69:../../DaisySP/Source/Synthesis/oscillator.h ****         freq_      = f;
 292              		.loc 6 69 20 view .LVU72
 293 0056 9FED130A 		vldr.32	s0, .L20+12
 294              	.LBE104:
 295              	.LBE103:
 296              	.LBB108:
 297              	.LBB99:
  61:../../DaisySP/Source/Synthesis/oscillator.h ****     }
 298              		.loc 6 61 20 view .LVU73
 299 005a 40F20113 		movw	r3, #257
 300              	.LBE99:
 301              	.LBE108:
 302              	.LBB109:
 303              	.LBB105:
  70:../../DaisySP/Source/Synthesis/oscillator.h ****         phase_inc_ = CalcPhaseInc(f);
ARM GAS  C:\Users\paulb\AppData\Local\Temp\ccNRWkKJ.s 			page 15


 304              		.loc 6 70 34 view .LVU74
 305 005e 2846     		mov	r0, r5
 306              	.LBE105:
 307              	.LBE109:
 308              	.LBB110:
 309              	.LBB100:
  59:../../DaisySP/Source/Synthesis/oscillator.h ****         eoc_       = true;
 310              		.loc 6 59 20 view .LVU75
 311 0060 2A70     		strb	r2, [r5]
  58:../../DaisySP/Source/Synthesis/oscillator.h ****         waveform_  = WAVE_SIN;
 312              		.loc 6 58 20 view .LVU76
 313 0062 C5ED077A 		vstr.32	s15, [r5, #28]
  59:../../DaisySP/Source/Synthesis/oscillator.h ****         eoc_       = true;
 314              		.loc 6 59 9 is_stmt 1 view .LVU77
  60:../../DaisySP/Source/Synthesis/oscillator.h ****         eor_       = true;
 315              		.loc 6 60 9 view .LVU78
  61:../../DaisySP/Source/Synthesis/oscillator.h ****     }
 316              		.loc 6 61 9 view .LVU79
  61:../../DaisySP/Source/Synthesis/oscillator.h ****     }
 317              		.loc 6 61 20 is_stmt 0 view .LVU80
 318 0066 2B85     		strh	r3, [r5, #40]	@ movhi
 319              	.LVL16:
  61:../../DaisySP/Source/Synthesis/oscillator.h ****     }
 320              		.loc 6 61 20 view .LVU81
 321              	.LBE100:
 322              	.LBE110:
  42:Blink.cpp     ****     osc.SetFreq(440);
 323              		.loc 7 42 5 is_stmt 1 view .LVU82
 324              	.LBB111:
 325              	.LBI103:
  67:../../DaisySP/Source/Synthesis/oscillator.h ****     {
 326              		.loc 6 67 17 view .LVU83
 327              	.LBB106:
  69:../../DaisySP/Source/Synthesis/oscillator.h ****         phase_inc_ = CalcPhaseInc(f);
 328              		.loc 6 69 9 view .LVU84
  69:../../DaisySP/Source/Synthesis/oscillator.h ****         phase_inc_ = CalcPhaseInc(f);
 329              		.loc 6 69 20 is_stmt 0 view .LVU85
 330 0068 85ED020A 		vstr.32	s0, [r5, #8]
 331              		.loc 6 70 9 is_stmt 1 view .LVU86
 332              		.loc 6 70 34 is_stmt 0 view .LVU87
 333 006c FFF7FEFF 		bl	_ZN7daisysp10Oscillator12CalcPhaseIncEf
 334              	.LVL17:
 335              	.LBE106:
 336              	.LBE111:
  43:Blink.cpp     ****     osc.SetAmp(1);
  44:Blink.cpp     ****     hardware.StartAudio(MyCallback);
 337              		.loc 7 44 24 view .LVU88
 338 0070 0D49     		ldr	r1, .L20+16
 339 0072 0948     		ldr	r0, .L20
 340              	.LBB112:
 341              	.LBB107:
 342              		.loc 6 70 20 view .LVU89
 343 0074 85ED070A 		vstr.32	s0, [r5, #28]
 344              	.LVL18:
 345              		.loc 6 70 20 view .LVU90
 346              	.LBE107:
 347              	.LBE112:
ARM GAS  C:\Users\paulb\AppData\Local\Temp\ccNRWkKJ.s 			page 16


  43:Blink.cpp     ****     osc.SetAmp(1);
 348              		.loc 7 43 5 is_stmt 1 view .LVU91
 349              	.LBB113:
 350              	.LBI113:
  71:../../DaisySP/Source/Synthesis/oscillator.h ****     }
  72:../../DaisySP/Source/Synthesis/oscillator.h **** 
  73:../../DaisySP/Source/Synthesis/oscillator.h **** 
  74:../../DaisySP/Source/Synthesis/oscillator.h ****     /** Sets the amplitude of the waveform.
  75:../../DaisySP/Source/Synthesis/oscillator.h ****     */
  76:../../DaisySP/Source/Synthesis/oscillator.h ****     inline void SetAmp(const float a) { amp_ = a; }
 351              		.loc 6 76 17 view .LVU92
 352              	.LBB114:
 353              		.loc 6 76 41 view .LVU93
 354              		.loc 6 76 46 is_stmt 0 view .LVU94
 355 0078 85ED018A 		vstr.32	s16, [r5, #4]
 356              	.LVL19:
 357              		.loc 6 76 46 view .LVU95
 358              	.LBE114:
 359              	.LBE113:
 360              		.loc 7 44 5 is_stmt 1 view .LVU96
 361              		.loc 7 44 24 is_stmt 0 view .LVU97
 362 007c FFF7FEFF 		bl	_ZN5daisy9DaisySeed10StartAudioEPFvPKfPfjE
 363              	.LVL20:
 364              	.L18:
  45:Blink.cpp     **** 
  46:Blink.cpp     ****     // Loop forever
  47:Blink.cpp     ****     for(;;)
 365              		.loc 7 47 5 is_stmt 1 discriminator 1 view .LVU98
  48:Blink.cpp     ****     {
  49:Blink.cpp     ****         // Set the onboard LED
  50:Blink.cpp     ****         hardware.SetLed(led_state);
 366              		.loc 7 50 9 discriminator 1 view .LVU99
 367              		.loc 7 50 24 is_stmt 0 discriminator 1 view .LVU100
 368 0080 2146     		mov	r1, r4
 369 0082 0548     		ldr	r0, .L20
 370 0084 FFF7FEFF 		bl	_ZN5daisy9DaisySeed6SetLedEb
 371              	.LVL21:
  51:Blink.cpp     **** 
  52:Blink.cpp     ****         // Toggle the LED state for the next time around.
  53:Blink.cpp     ****         led_state = !led_state;
 372              		.loc 7 53 9 is_stmt 1 discriminator 1 view .LVU101
  54:Blink.cpp     **** 
  55:Blink.cpp     ****         // Wait 500ms
  56:Blink.cpp     ****         System::Delay(500);
 373              		.loc 7 56 22 is_stmt 0 discriminator 1 view .LVU102
 374 0088 4FF4FA70 		mov	r0, #500
  53:Blink.cpp     **** 
 375              		.loc 7 53 19 discriminator 1 view .LVU103
 376 008c 84F00104 		eor	r4, r4, #1
 377              	.LVL22:
 378              		.loc 7 56 9 is_stmt 1 discriminator 1 view .LVU104
 379              		.loc 7 56 22 is_stmt 0 discriminator 1 view .LVU105
 380 0090 FFF7FEFF 		bl	_ZN5daisy6System5DelayEm
 381              	.LVL23:
  47:Blink.cpp     ****     {
 382              		.loc 7 47 5 is_stmt 1 discriminator 1 view .LVU106
 383 0094 F4E7     		b	.L18
ARM GAS  C:\Users\paulb\AppData\Local\Temp\ccNRWkKJ.s 			page 17


 384              	.L21:
 385 0096 00BF     		.align	2
 386              	.L20:
 387 0098 00000000 		.word	.LANCHOR1
 388 009c 00000000 		.word	.LANCHOR0
 389 00a0 0000C842 		.word	1120403456
 390 00a4 0000DC43 		.word	1138491392
 391 00a8 00000000 		.word	_Z10MyCallbackPKfPfj
 392              		.cfi_endproc
 393              	.LFE4682:
 395              		.section	.text.startup._GLOBAL__sub_I_hardware,"ax",%progbits
 396              		.align	1
 397              		.p2align 2,,3
 398              		.syntax unified
 399              		.thumb
 400              		.thumb_func
 401              		.fpu fpv5-d16
 403              	_GLOBAL__sub_I_hardware:
 404              	.LFB5245:
  57:Blink.cpp     ****     }
  58:Blink.cpp     **** }
 405              		.loc 7 58 1 view -0
 406              		.cfi_startproc
 407              		@ args = 0, pretend = 0, frame = 0
 408              		@ frame_needed = 0, uses_anonymous_args = 0
 409              	.LBB138:
 410              	.LBI138:
 411              		.loc 7 58 1 view .LVU108
 412              	.LVL24:
 413              	.LBB139:
 414              	.LBB140:
 415              	.LBI140:
  21:../../libDaisy/src/daisy_seed.h ****     ~DaisySeed() {}
 416              		.loc 1 21 5 view .LVU109
 417              	.LBB141:
 418              	.LBB142:
 419              	.LBI142:
 420              		.file 8 "../../libDaisy/src/per/qspi.h"
   1:../../libDaisy/src/per/qspi.h **** #ifndef DSY_QSPI
   2:../../libDaisy/src/per/qspi.h **** #define DSY_QSPI /**< Macro */
   3:../../libDaisy/src/per/qspi.h **** 
   4:../../libDaisy/src/per/qspi.h **** #ifndef UNIT_TEST // for unit tests, a dummy implementation
   5:../../libDaisy/src/per/qspi.h **** 
   6:../../libDaisy/src/per/qspi.h **** #include <cstdint>
   7:../../libDaisy/src/per/qspi.h **** #include "daisy_core.h" // Added for dsy_gpio_pin typedef
   8:../../libDaisy/src/per/qspi.h **** 
   9:../../libDaisy/src/per/qspi.h **** #define DSY_QSPI_TEXT       \
  10:../../libDaisy/src/per/qspi.h ****     __attribute__((section( \
  11:../../libDaisy/src/per/qspi.h ****         ".qspiflash_text"))) /**< used for reading memory in memory_mapped mode. */
  12:../../libDaisy/src/per/qspi.h **** #define DSY_QSPI_DATA       \
  13:../../libDaisy/src/per/qspi.h ****     __attribute__((section( \
  14:../../libDaisy/src/per/qspi.h ****         ".qspiflash_data"))) /**< used for reading memory in memory_mapped mode. */
  15:../../libDaisy/src/per/qspi.h **** #define DSY_QSPI_BSS        \
  16:../../libDaisy/src/per/qspi.h ****     __attribute__((section( \
  17:../../libDaisy/src/per/qspi.h ****         ".qspiflash_bss"))) /**< used for reading memory in memory_mapped mode. */
  18:../../libDaisy/src/per/qspi.h **** 
  19:../../libDaisy/src/per/qspi.h **** namespace daisy
ARM GAS  C:\Users\paulb\AppData\Local\Temp\ccNRWkKJ.s 			page 18


  20:../../libDaisy/src/per/qspi.h **** {
  21:../../libDaisy/src/per/qspi.h **** /** @addtogroup serial
  22:../../libDaisy/src/per/qspi.h **** @{
  23:../../libDaisy/src/per/qspi.h **** */
  24:../../libDaisy/src/per/qspi.h **** 
  25:../../libDaisy/src/per/qspi.h **** /** 
  26:../../libDaisy/src/per/qspi.h ****  Driver for QSPI peripheral to interface with external flash memory. \n 
  27:../../libDaisy/src/per/qspi.h ****     Currently supported QSPI Devices: \n 
  28:../../libDaisy/src/per/qspi.h ****     * IS25LP080D
  29:../../libDaisy/src/per/qspi.h **** */
  30:../../libDaisy/src/per/qspi.h **** class QSPIHandle
  31:../../libDaisy/src/per/qspi.h **** {
  32:../../libDaisy/src/per/qspi.h ****   public:
  33:../../libDaisy/src/per/qspi.h ****     enum Result
  34:../../libDaisy/src/per/qspi.h ****     {
  35:../../libDaisy/src/per/qspi.h ****         OK = 0,
  36:../../libDaisy/src/per/qspi.h ****         ERR
  37:../../libDaisy/src/per/qspi.h ****     };
  38:../../libDaisy/src/per/qspi.h **** 
  39:../../libDaisy/src/per/qspi.h ****     /** Indicates the current status of the module. 
  40:../../libDaisy/src/per/qspi.h ****          *  Warnings are indicated by a leading W.
  41:../../libDaisy/src/per/qspi.h ****          *  Errors are indicated by a leading E and cause an immediate exit.
  42:../../libDaisy/src/per/qspi.h ****          * 
  43:../../libDaisy/src/per/qspi.h ****          *  \param GOOD - No errors have been reported.
  44:../../libDaisy/src/per/qspi.h ****          *  \param E_HAL_ERROR - HAL code did not return HAL_OK.
  45:../../libDaisy/src/per/qspi.h ****          *  \param E_SWITCHING_MODES - An error was encountered while switching QSPI peripheral mod
  46:../../libDaisy/src/per/qspi.h ****          *  \param E_INVALID_MODE - QSPI should not be written to while the program is executing fr
  47:../../libDaisy/src/per/qspi.h ****          */
  48:../../libDaisy/src/per/qspi.h ****     enum Status
  49:../../libDaisy/src/per/qspi.h ****     {
  50:../../libDaisy/src/per/qspi.h ****         GOOD = 0,
  51:../../libDaisy/src/per/qspi.h ****         E_HAL_ERROR,
  52:../../libDaisy/src/per/qspi.h ****         E_SWITCHING_MODES,
  53:../../libDaisy/src/per/qspi.h ****         E_INVALID_MODE,
  54:../../libDaisy/src/per/qspi.h ****     };
  55:../../libDaisy/src/per/qspi.h **** 
  56:../../libDaisy/src/per/qspi.h ****     /** Configuration structure for interfacing with QSPI Driver */
  57:../../libDaisy/src/per/qspi.h ****     struct Config
  58:../../libDaisy/src/per/qspi.h ****     {
  59:../../libDaisy/src/per/qspi.h ****         /** Flash Devices supported. (Both of these are more-or-less the same, just different sizes
  60:../../libDaisy/src/per/qspi.h ****         enum Device
  61:../../libDaisy/src/per/qspi.h ****         {
  62:../../libDaisy/src/per/qspi.h ****             IS25LP080D,  /**< & */
  63:../../libDaisy/src/per/qspi.h ****             IS25LP064A,  /**< & */
  64:../../libDaisy/src/per/qspi.h ****             DEVICE_LAST, /**< & */
  65:../../libDaisy/src/per/qspi.h ****         };
  66:../../libDaisy/src/per/qspi.h **** 
  67:../../libDaisy/src/per/qspi.h ****         /** 
  68:../../libDaisy/src/per/qspi.h ****         Modes of operation.
  69:../../libDaisy/src/per/qspi.h ****         Memory Mapped mode: QSPI configured so that the QSPI can be
  70:../../libDaisy/src/per/qspi.h ****         read from starting address 0x90000000. Writing is not
  71:../../libDaisy/src/per/qspi.h ****         possible in this mode. \n 
  72:../../libDaisy/src/per/qspi.h ****         Indirect Polling mode: Device driver enabled. 
  73:../../libDaisy/src/per/qspi.h ****         */
  74:../../libDaisy/src/per/qspi.h ****         enum Mode
  75:../../libDaisy/src/per/qspi.h ****         {
  76:../../libDaisy/src/per/qspi.h ****             MEMORY_MAPPED,    /**< & */
ARM GAS  C:\Users\paulb\AppData\Local\Temp\ccNRWkKJ.s 			page 19


  77:../../libDaisy/src/per/qspi.h ****             INDIRECT_POLLING, /**< & */
  78:../../libDaisy/src/per/qspi.h ****             MODE_LAST,
  79:../../libDaisy/src/per/qspi.h ****         };
  80:../../libDaisy/src/per/qspi.h **** 
  81:../../libDaisy/src/per/qspi.h ****         //SCK,  CE# (active low)
  82:../../libDaisy/src/per/qspi.h ****         struct
  83:../../libDaisy/src/per/qspi.h ****         {
  84:../../libDaisy/src/per/qspi.h ****             dsy_gpio_pin io0; /**< & */
  85:../../libDaisy/src/per/qspi.h ****             dsy_gpio_pin io1; /**< & */
  86:../../libDaisy/src/per/qspi.h ****             dsy_gpio_pin io2; /**< & */
  87:../../libDaisy/src/per/qspi.h ****             dsy_gpio_pin io3; /**< & */
  88:../../libDaisy/src/per/qspi.h ****             dsy_gpio_pin clk; /**< & */
  89:../../libDaisy/src/per/qspi.h ****             dsy_gpio_pin ncs; /**< & */
  90:../../libDaisy/src/per/qspi.h ****         } pin_config;
  91:../../libDaisy/src/per/qspi.h **** 
  92:../../libDaisy/src/per/qspi.h ****         Device device;
  93:../../libDaisy/src/per/qspi.h ****         Mode   mode;
  94:../../libDaisy/src/per/qspi.h ****     };
  95:../../libDaisy/src/per/qspi.h **** 
  96:../../libDaisy/src/per/qspi.h ****     /** 
  97:../../libDaisy/src/per/qspi.h ****         Initializes QSPI peripheral, and Resets, and prepares memory for access.
  98:../../libDaisy/src/per/qspi.h ****         \param config should be populated with the mode, device and pin_config before calling this 
  99:../../libDaisy/src/per/qspi.h ****         \return Result::OK or Result::ERR
 100:../../libDaisy/src/per/qspi.h ****         */
 101:../../libDaisy/src/per/qspi.h ****     Result Init(const Config& config);
 102:../../libDaisy/src/per/qspi.h **** 
 103:../../libDaisy/src/per/qspi.h ****     /** Returns the current config. */
 104:../../libDaisy/src/per/qspi.h ****     const Config& GetConfig() const;
 105:../../libDaisy/src/per/qspi.h **** 
 106:../../libDaisy/src/per/qspi.h ****     // Couldn't this just be called before anything else in init? That
 107:../../libDaisy/src/per/qspi.h ****     // would make manually calling it unnecessary.
 108:../../libDaisy/src/per/qspi.h ****     /** 
 109:../../libDaisy/src/per/qspi.h ****         Deinitializes the peripheral
 110:../../libDaisy/src/per/qspi.h ****         This should be called before reinitializing QSPI in a different mode.
 111:../../libDaisy/src/per/qspi.h ****         \return Result::OK or Result::ERR
 112:../../libDaisy/src/per/qspi.h ****         */
 113:../../libDaisy/src/per/qspi.h ****     Result DeInit();
 114:../../libDaisy/src/per/qspi.h **** 
 115:../../libDaisy/src/per/qspi.h ****     /** 
 116:../../libDaisy/src/per/qspi.h ****         Writes a single page to to the specified address on the QSPI chip.
 117:../../libDaisy/src/per/qspi.h ****         For IS25LP*, page size is 256 bytes.
 118:../../libDaisy/src/per/qspi.h ****         \param address Address to write to
 119:../../libDaisy/src/per/qspi.h ****         \param size Buffer size
 120:../../libDaisy/src/per/qspi.h ****         \param buffer Buffer to write
 121:../../libDaisy/src/per/qspi.h ****         \return Result::OK or Result::ERR
 122:../../libDaisy/src/per/qspi.h ****         */
 123:../../libDaisy/src/per/qspi.h ****     Result WritePage(uint32_t address, uint32_t size, uint8_t* buffer);
 124:../../libDaisy/src/per/qspi.h **** 
 125:../../libDaisy/src/per/qspi.h ****     /** 
 126:../../libDaisy/src/per/qspi.h ****         Writes data in buffer to to the QSPI. Starting at address to address+size 
 127:../../libDaisy/src/per/qspi.h ****         \param address Address to write to
 128:../../libDaisy/src/per/qspi.h ****         \param size Buffer size
 129:../../libDaisy/src/per/qspi.h ****         \param buffer Buffer to write
 130:../../libDaisy/src/per/qspi.h ****         \return Result::OK or Result::ERR
 131:../../libDaisy/src/per/qspi.h ****         */
 132:../../libDaisy/src/per/qspi.h ****     Result Write(uint32_t address, uint32_t size, uint8_t* buffer);
 133:../../libDaisy/src/per/qspi.h **** 
ARM GAS  C:\Users\paulb\AppData\Local\Temp\ccNRWkKJ.s 			page 20


 134:../../libDaisy/src/per/qspi.h ****     /** 
 135:../../libDaisy/src/per/qspi.h ****         Erases the area specified on the chip.
 136:../../libDaisy/src/per/qspi.h ****         Erasures will happen by 4K, 32K or 64K increments.
 137:../../libDaisy/src/per/qspi.h ****         Smallest erase possible is 4kB at a time. (on IS25LP*)
 138:../../libDaisy/src/per/qspi.h ****         \param start_addr Address to begin erasing from
 139:../../libDaisy/src/per/qspi.h ****         \param end_addr  Address to stop erasing at
 140:../../libDaisy/src/per/qspi.h ****         \return Result::OK or Result::ERR
 141:../../libDaisy/src/per/qspi.h ****         */
 142:../../libDaisy/src/per/qspi.h ****     Result Erase(uint32_t start_addr, uint32_t end_addr);
 143:../../libDaisy/src/per/qspi.h **** 
 144:../../libDaisy/src/per/qspi.h ****     /**  
 145:../../libDaisy/src/per/qspi.h ****          Erases a single sector of the chip.  
 146:../../libDaisy/src/per/qspi.h ****         TODO: Document the size of this function. 
 147:../../libDaisy/src/per/qspi.h ****         \param address Address of sector to erase
 148:../../libDaisy/src/per/qspi.h ****         \return Result::OK or Result::ERR
 149:../../libDaisy/src/per/qspi.h ****         */
 150:../../libDaisy/src/per/qspi.h ****     Result EraseSector(uint32_t address);
 151:../../libDaisy/src/per/qspi.h **** 
 152:../../libDaisy/src/per/qspi.h ****     /** Returns the current class status. Useful for debugging.
 153:../../libDaisy/src/per/qspi.h ****      *  \returns Status
 154:../../libDaisy/src/per/qspi.h ****      */
 155:../../libDaisy/src/per/qspi.h ****     Status GetStatus();
 156:../../libDaisy/src/per/qspi.h **** 
 157:../../libDaisy/src/per/qspi.h ****     /** Returns a pointer to the actual memory used 
 158:../../libDaisy/src/per/qspi.h ****      *  The memory at this address is read-only
 159:../../libDaisy/src/per/qspi.h ****      *  to write to it use the Write function.
 160:../../libDaisy/src/per/qspi.h ****      * 
 161:../../libDaisy/src/per/qspi.h ****      *  \param offset returns the pointer starting this 
 162:../../libDaisy/src/per/qspi.h ****      *                many bytes into the memory
 163:../../libDaisy/src/per/qspi.h ****     */
 164:../../libDaisy/src/per/qspi.h ****     void* GetData(uint32_t offset = 0);
 165:../../libDaisy/src/per/qspi.h **** 
 166:../../libDaisy/src/per/qspi.h ****     QSPIHandle() : pimpl_(nullptr) {}
 421              		.loc 8 166 5 view .LVU110
 422              	.LBE142:
 423              	.LBE141:
 424              	.LBE140:
 425              	.LBE139:
 426              	.LBE138:
 427              		.loc 7 58 1 is_stmt 0 view .LVU111
 428 0000 08B5     		push	{r3, lr}
 429              		.cfi_def_cfa_offset 8
 430              		.cfi_offset 3, -8
 431              		.cfi_offset 14, -4
 432              	.LBB168:
 433              	.LBB166:
 434              	.LBB163:
 435              	.LBB161:
 436              	.LBB147:
 437              	.LBB143:
 438              	.LBB144:
 439              		.loc 8 166 34 view .LVU112
 440 0002 0848     		ldr	r0, .L24
 441 0004 0023     		movs	r3, #0
 442              	.LBE144:
 443              	.LBE143:
 444              	.LBE147:
ARM GAS  C:\Users\paulb\AppData\Local\Temp\ccNRWkKJ.s 			page 21


 445              	.LBE161:
 446              	.LBE163:
  10:Blink.cpp     **** 
 447              		.loc 7 10 11 view .LVU113
 448 0006 084A     		ldr	r2, .L24+4
 449 0008 0849     		ldr	r1, .L24+8
 450              	.LBB164:
 451              	.LBB162:
 452              	.LBB148:
 453              	.LBB146:
 454              	.LBB145:
 455              		.loc 8 166 34 view .LVU114
 456 000a 0360     		str	r3, [r0]
 457              	.LVL25:
 458              		.loc 8 166 34 view .LVU115
 459              	.LBE145:
 460              	.LBE146:
 461              	.LBE148:
 462              	.LBB149:
 463              	.LBI149:
  95:../../libDaisy/src/hid/audio.h ****     ~AudioHandle() {}
 464              		.loc 5 95 5 is_stmt 1 view .LVU116
 465              	.LBB150:
 466              	.LBB151:
  95:../../libDaisy/src/hid/audio.h ****     ~AudioHandle() {}
 467              		.loc 5 95 35 is_stmt 0 view .LVU117
 468 000c 4361     		str	r3, [r0, #20]
 469              	.LVL26:
  95:../../libDaisy/src/hid/audio.h ****     ~AudioHandle() {}
 470              		.loc 5 95 35 view .LVU118
 471              	.LBE151:
 472              	.LBE150:
 473              	.LBE149:
 474              	.LBB152:
 475              	.LBI152:
 109:../../libDaisy/src/per/adc.h ****     ~AdcHandle() {}
 476              		.loc 4 109 5 is_stmt 1 view .LVU119
 109:../../libDaisy/src/per/adc.h ****     ~AdcHandle() {}
 477              		.loc 4 109 5 is_stmt 0 view .LVU120
 478              	.LBE152:
 479              	.LBB153:
 480              	.LBI153:
 481              		.file 9 "../../libDaisy/src/per/dac.h"
   1:../../libDaisy/src/per/dac.h **** #pragma once
   2:../../libDaisy/src/per/dac.h **** #ifndef DSY_DAC_H
   3:../../libDaisy/src/per/dac.h **** #define DSY_DAC_H
   4:../../libDaisy/src/per/dac.h **** 
   5:../../libDaisy/src/per/dac.h **** #include "daisy_core.h"
   6:../../libDaisy/src/per/dac.h **** 
   7:../../libDaisy/src/per/dac.h **** namespace daisy
   8:../../libDaisy/src/per/dac.h **** {
   9:../../libDaisy/src/per/dac.h **** /** @brief DAC handle for Built-in DAC Peripheral 
  10:../../libDaisy/src/per/dac.h ****  *  @ingroup per_analog
  11:../../libDaisy/src/per/dac.h ****  ** 
  12:../../libDaisy/src/per/dac.h ****  ** For now only Normal Mode is supported,
  13:../../libDaisy/src/per/dac.h ****  ** Sample and hold mode provides reduced power consumption, but requires a bit more setup.
  14:../../libDaisy/src/per/dac.h ****  **
ARM GAS  C:\Users\paulb\AppData\Local\Temp\ccNRWkKJ.s 			page 22


  15:../../libDaisy/src/per/dac.h ****  ** For now connecting the DAC through other internal peripherals is also not supported.
  16:../../libDaisy/src/per/dac.h ****  **
  17:../../libDaisy/src/per/dac.h ****  ** Since the DAC channels have dedicated pins we don't need to pass in a pin config like with
  18:../../libDaisy/src/per/dac.h ****  ** other modules. However, it is still important to not try to use the DAC pins for anything else.
  19:../../libDaisy/src/per/dac.h ****  ** DAC Channel 1 is on PA4, and DAC Channel 2 is on PA5
  20:../../libDaisy/src/per/dac.h ****  ***/
  21:../../libDaisy/src/per/dac.h **** class DacHandle
  22:../../libDaisy/src/per/dac.h **** {
  23:../../libDaisy/src/per/dac.h ****   public:
  24:../../libDaisy/src/per/dac.h ****     /** Return Values for the DacHandle class */
  25:../../libDaisy/src/per/dac.h ****     enum class Result
  26:../../libDaisy/src/per/dac.h ****     {
  27:../../libDaisy/src/per/dac.h ****         OK,
  28:../../libDaisy/src/per/dac.h ****         ERR,
  29:../../libDaisy/src/per/dac.h ****     };
  30:../../libDaisy/src/per/dac.h **** 
  31:../../libDaisy/src/per/dac.h ****     /** Selects which channel(s) will be configured for use. */
  32:../../libDaisy/src/per/dac.h ****     enum class Channel
  33:../../libDaisy/src/per/dac.h ****     {
  34:../../libDaisy/src/per/dac.h ****         ONE,
  35:../../libDaisy/src/per/dac.h ****         TWO,
  36:../../libDaisy/src/per/dac.h ****         BOTH,
  37:../../libDaisy/src/per/dac.h ****     };
  38:../../libDaisy/src/per/dac.h **** 
  39:../../libDaisy/src/per/dac.h ****     /** Sets the Mode for the DAC channels.
  40:../../libDaisy/src/per/dac.h ****      **
  41:../../libDaisy/src/per/dac.h ****      ** Polling mode uses the blocking mode to transmit a single value at a time.
  42:../../libDaisy/src/per/dac.h ****      **
  43:../../libDaisy/src/per/dac.h ****      ** DMA mode uses a buffer, and periodically transmits it triggering a 
  44:../../libDaisy/src/per/dac.h ****      ** callback to fill the buffer when it is ready for more samples.
  45:../../libDaisy/src/per/dac.h ****      ***/
  46:../../libDaisy/src/per/dac.h ****     enum class Mode
  47:../../libDaisy/src/per/dac.h ****     {
  48:../../libDaisy/src/per/dac.h ****         POLLING,
  49:../../libDaisy/src/per/dac.h ****         DMA,
  50:../../libDaisy/src/per/dac.h ****     };
  51:../../libDaisy/src/per/dac.h **** 
  52:../../libDaisy/src/per/dac.h ****     /** Sets the number of bits per sample transmitted out of the DAC.
  53:../../libDaisy/src/per/dac.h ****      ** The output range will be: 0V - VDDA
  54:../../libDaisy/src/per/dac.h ****      ** The resolution will be roughly: bitdepth / (VDDA - 0V) 
  55:../../libDaisy/src/per/dac.h ****      ***/
  56:../../libDaisy/src/per/dac.h ****     enum class BitDepth
  57:../../libDaisy/src/per/dac.h ****     {
  58:../../libDaisy/src/per/dac.h ****         BITS_8,
  59:../../libDaisy/src/per/dac.h ****         BITS_12
  60:../../libDaisy/src/per/dac.h ****     };
  61:../../libDaisy/src/per/dac.h **** 
  62:../../libDaisy/src/per/dac.h ****     /** Sets whether the DAC output is buffered for higher drive ability. */
  63:../../libDaisy/src/per/dac.h ****     enum class BufferState
  64:../../libDaisy/src/per/dac.h ****     {
  65:../../libDaisy/src/per/dac.h ****         ENABLED,
  66:../../libDaisy/src/per/dac.h ****         DISABLED,
  67:../../libDaisy/src/per/dac.h ****     };
  68:../../libDaisy/src/per/dac.h **** 
  69:../../libDaisy/src/per/dac.h ****     /** Configuration structure for initializing the DAC structure. */
  70:../../libDaisy/src/per/dac.h ****     struct Config
  71:../../libDaisy/src/per/dac.h ****     {
ARM GAS  C:\Users\paulb\AppData\Local\Temp\ccNRWkKJ.s 			page 23


  72:../../libDaisy/src/per/dac.h ****         /** Target Samplerate in Hz used to configure the internal 
  73:../../libDaisy/src/per/dac.h ****          ** timebase for DMA mode. Does nothing in POLLING mode.
  74:../../libDaisy/src/per/dac.h ****          ** If the value is 0 at Init time this will default to 48000Hz 
  75:../../libDaisy/src/per/dac.h ****          ** otherwise the driver will attempt meet the target.*/
  76:../../libDaisy/src/per/dac.h ****         uint32_t target_samplerate;
  77:../../libDaisy/src/per/dac.h **** 
  78:../../libDaisy/src/per/dac.h ****         Channel     chn;
  79:../../libDaisy/src/per/dac.h ****         Mode        mode;
  80:../../libDaisy/src/per/dac.h ****         BitDepth    bitdepth;
  81:../../libDaisy/src/per/dac.h ****         BufferState buff_state;
  82:../../libDaisy/src/per/dac.h ****     };
  83:../../libDaisy/src/per/dac.h **** 
  84:../../libDaisy/src/per/dac.h ****     DacHandle() : pimpl_(nullptr) {}
 482              		.loc 9 84 5 is_stmt 1 view .LVU121
 483              	.LBB154:
 484              	.LBB155:
 485              		.loc 9 84 33 is_stmt 0 view .LVU122
 486 000e 0362     		str	r3, [r0, #32]
 487              	.LVL27:
 488              		.loc 9 84 33 view .LVU123
 489              	.LBE155:
 490              	.LBE154:
 491              	.LBE153:
 492              	.LBB156:
 493              	.LBI156:
  40:../../libDaisy/src/hid/usb.h **** 
 494              		.loc 3 40 5 is_stmt 1 view .LVU124
  40:../../libDaisy/src/hid/usb.h **** 
 495              		.loc 3 40 5 is_stmt 0 view .LVU125
 496              	.LBE156:
 497              	.LBB157:
 498              	.LBI157:
  96:../../libDaisy/src/sys/system.h ****     ~System() {}
 499              		.loc 2 96 5 is_stmt 1 view .LVU126
  96:../../libDaisy/src/sys/system.h ****     ~System() {}
 500              		.loc 2 96 5 is_stmt 0 view .LVU127
 501              	.LBE157:
 502              	.LBB158:
 503              	.LBI158:
 504              		.file 10 "../../libDaisy/src/per/sai.h"
   1:../../libDaisy/src/per/sai.h **** #pragma once
   2:../../libDaisy/src/per/sai.h **** #ifndef DSY_SAI_H
   3:../../libDaisy/src/per/sai.h **** #define DSY_SAI_H
   4:../../libDaisy/src/per/sai.h **** 
   5:../../libDaisy/src/per/sai.h **** #include "daisy_core.h"
   6:../../libDaisy/src/per/sai.h **** 
   7:../../libDaisy/src/per/sai.h **** namespace daisy
   8:../../libDaisy/src/per/sai.h **** {
   9:../../libDaisy/src/per/sai.h **** /** 
  10:../../libDaisy/src/per/sai.h ****  * Support for I2S Audio Protocol with different bit-depth, samplerate options
  11:../../libDaisy/src/per/sai.h ****  * Allows for master or slave, as well as freedom of selecting direction, 
  12:../../libDaisy/src/per/sai.h ****  * and other behavior for each peripheral, and block.
  13:../../libDaisy/src/per/sai.h ****  * 
  14:../../libDaisy/src/per/sai.h ****  * DMA Transfer commands must use buffers located within non-cached memory or use cache maintenance
  15:../../libDaisy/src/per/sai.h ****  * To declare an unitialized global element in the DMA memory section:
  16:../../libDaisy/src/per/sai.h ****  *    int32_t DSY_DMA_BUFFER_SECTOR my_buffer[96];
  17:../../libDaisy/src/per/sai.h ****  *
ARM GAS  C:\Users\paulb\AppData\Local\Temp\ccNRWkKJ.s 			page 24


  18:../../libDaisy/src/per/sai.h ****  * Callback functions will be called once per half of the buffer. In the above example, 
  19:../../libDaisy/src/per/sai.h ****  * the callback function would be called once for every 48 samples.
  20:../../libDaisy/src/per/sai.h ****  * 
  21:../../libDaisy/src/per/sai.h ****  * Use SAI Handle like this:
  22:../../libDaisy/src/per/sai.h ****  * 
  23:../../libDaisy/src/per/sai.h ****  *  SaiHandle::Config sai_config;
  24:../../libDaisy/src/per/sai.h ****  *  sai_config.periph          = SaiHandle::Config::Peripheral::SAI_1;
  25:../../libDaisy/src/per/sai.h ****  *  sai_config.sr              = SaiHandle::Config::SampleRate::SAI_48KHZ;
  26:../../libDaisy/src/per/sai.h ****  *  sai_config.bit_depth       = SaiHandle::Config::BitDepth::SAI_24BIT;
  27:../../libDaisy/src/per/sai.h ****  *  sai_config.a_sync          = SaiHandle::Config::Sync::MASTER;
  28:../../libDaisy/src/per/sai.h ****  *  sai_config.b_sync          = SaiHandle::Config::Sync::SLAVE;
  29:../../libDaisy/src/per/sai.h ****  *  sai_config.a_dir           = SaiHandle::Config::Direction::RECEIVE;
  30:../../libDaisy/src/per/sai.h ****  *  sai_config.b_dir           = SaiHandle::Config::Direction::TRANSMIT;
  31:../../libDaisy/src/per/sai.h ****  *  sai_config.pin_config.fs   = {DSY_GPIOE, 4};
  32:../../libDaisy/src/per/sai.h ****  *  sai_config.pin_config.mclk = {DSY_GPIOE, 2};
  33:../../libDaisy/src/per/sai.h ****  *  sai_config.pin_config.sck  = {DSY_GPIOE, 5};
  34:../../libDaisy/src/per/sai.h ****  *  sai_config.pin_config.sa   = {DSY_GPIOE, 6};
  35:../../libDaisy/src/per/sai.h ****  *  sai_config.pin_config.sb   = {DSY_GPIOE, 3};
  36:../../libDaisy/src/per/sai.h ****  *  // Then Initialize
  37:../../libDaisy/src/per/sai.h ****  *  SaiHandle sai;
  38:../../libDaisy/src/per/sai.h ****  *  sai.Init(sai_config);
  39:../../libDaisy/src/per/sai.h ****  *  // Now you can use it:
  40:../../libDaisy/src/per/sai.h ****  *  sai.StartDma(. . .);
  41:../../libDaisy/src/per/sai.h ****  */
  42:../../libDaisy/src/per/sai.h **** class SaiHandle
  43:../../libDaisy/src/per/sai.h **** {
  44:../../libDaisy/src/per/sai.h ****   public:
  45:../../libDaisy/src/per/sai.h ****     /** Contains settings for initialising an SAI Interface */
  46:../../libDaisy/src/per/sai.h ****     struct Config
  47:../../libDaisy/src/per/sai.h ****     {
  48:../../libDaisy/src/per/sai.h ****         /** Specifies the internal peripheral to use (mapped to different hardware pins) */
  49:../../libDaisy/src/per/sai.h ****         enum class Peripheral
  50:../../libDaisy/src/per/sai.h ****         {
  51:../../libDaisy/src/per/sai.h ****             SAI_1,
  52:../../libDaisy/src/per/sai.h ****             SAI_2,
  53:../../libDaisy/src/per/sai.h ****         };
  54:../../libDaisy/src/per/sai.h **** 
  55:../../libDaisy/src/per/sai.h ****         /** Rate at which samples will be streaming to/from the device. */
  56:../../libDaisy/src/per/sai.h ****         enum class SampleRate
  57:../../libDaisy/src/per/sai.h ****         {
  58:../../libDaisy/src/per/sai.h ****             SAI_8KHZ,
  59:../../libDaisy/src/per/sai.h ****             SAI_16KHZ,
  60:../../libDaisy/src/per/sai.h ****             SAI_32KHZ,
  61:../../libDaisy/src/per/sai.h ****             SAI_48KHZ,
  62:../../libDaisy/src/per/sai.h ****             SAI_96KHZ,
  63:../../libDaisy/src/per/sai.h ****         };
  64:../../libDaisy/src/per/sai.h **** 
  65:../../libDaisy/src/per/sai.h ****         /** Bit Depth that the hardware expects to be transferred to/from the device. */
  66:../../libDaisy/src/per/sai.h ****         enum class BitDepth
  67:../../libDaisy/src/per/sai.h ****         {
  68:../../libDaisy/src/per/sai.h ****             SAI_16BIT,
  69:../../libDaisy/src/per/sai.h ****             SAI_24BIT,
  70:../../libDaisy/src/per/sai.h ****             SAI_32BIT,
  71:../../libDaisy/src/per/sai.h ****         };
  72:../../libDaisy/src/per/sai.h **** 
  73:../../libDaisy/src/per/sai.h ****         /** Specifies whether a particular block is the master or the slave 
  74:../../libDaisy/src/per/sai.h ****          ** If both are set to slave, no MCLK signal will be used, and it is
ARM GAS  C:\Users\paulb\AppData\Local\Temp\ccNRWkKJ.s 			page 25


  75:../../libDaisy/src/per/sai.h ****          ** expected that the codec will have its own xtal.
  76:../../libDaisy/src/per/sai.h ****          */
  77:../../libDaisy/src/per/sai.h ****         enum class Sync
  78:../../libDaisy/src/per/sai.h ****         {
  79:../../libDaisy/src/per/sai.h ****             MASTER,
  80:../../libDaisy/src/per/sai.h ****             SLAVE,
  81:../../libDaisy/src/per/sai.h ****         };
  82:../../libDaisy/src/per/sai.h **** 
  83:../../libDaisy/src/per/sai.h ****         /** Specifies the direction for each peripheral block. */
  84:../../libDaisy/src/per/sai.h ****         enum class Direction
  85:../../libDaisy/src/per/sai.h ****         {
  86:../../libDaisy/src/per/sai.h ****             TRANSMIT,
  87:../../libDaisy/src/per/sai.h ****             RECEIVE,
  88:../../libDaisy/src/per/sai.h ****         };
  89:../../libDaisy/src/per/sai.h **** 
  90:../../libDaisy/src/per/sai.h ****         Peripheral periph;
  91:../../libDaisy/src/per/sai.h ****         struct
  92:../../libDaisy/src/per/sai.h ****         {
  93:../../libDaisy/src/per/sai.h ****             dsy_gpio_pin mclk, fs, sck, sa, sb;
  94:../../libDaisy/src/per/sai.h ****         } pin_config;
  95:../../libDaisy/src/per/sai.h ****         SampleRate sr;
  96:../../libDaisy/src/per/sai.h ****         BitDepth   bit_depth;
  97:../../libDaisy/src/per/sai.h ****         Sync       a_sync, b_sync;
  98:../../libDaisy/src/per/sai.h ****         Direction  a_dir, b_dir;
  99:../../libDaisy/src/per/sai.h ****     };
 100:../../libDaisy/src/per/sai.h **** 
 101:../../libDaisy/src/per/sai.h ****     /** Return values for SAI functions */
 102:../../libDaisy/src/per/sai.h ****     enum class Result
 103:../../libDaisy/src/per/sai.h ****     {
 104:../../libDaisy/src/per/sai.h ****         OK,
 105:../../libDaisy/src/per/sai.h ****         ERR,
 106:../../libDaisy/src/per/sai.h ****     };
 107:../../libDaisy/src/per/sai.h **** 
 108:../../libDaisy/src/per/sai.h ****     SaiHandle() : pimpl_(nullptr) {}
 505              		.loc 10 108 5 is_stmt 1 view .LVU128
 506              	.LBB159:
 507              	.LBB160:
 508              		.loc 10 108 33 is_stmt 0 view .LVU129
 509 0010 C363     		str	r3, [r0, #60]
 510              	.LVL28:
 511              		.loc 10 108 33 view .LVU130
 512              	.LBE160:
 513              	.LBE159:
 514              	.LBE158:
 515              	.LBE162:
 516              	.LBE164:
  10:Blink.cpp     **** 
 517              		.loc 7 10 11 view .LVU131
 518 0012 FFF7FEFF 		bl	__aeabi_atexit
 519              	.LVL29:
 520              	.LBB165:
 521              	.LBI165:
  23:../../DaisySP/Source/Synthesis/oscillator.h ****     ~Oscillator() {}
 522              		.loc 6 23 5 is_stmt 1 view .LVU132
  23:../../DaisySP/Source/Synthesis/oscillator.h ****     ~Oscillator() {}
 523              		.loc 6 23 5 is_stmt 0 view .LVU133
 524              	.LBE165:
ARM GAS  C:\Users\paulb\AppData\Local\Temp\ccNRWkKJ.s 			page 26


  12:Blink.cpp     **** 
 525              		.loc 7 12 12 view .LVU134
 526 0016 044A     		ldr	r2, .L24+4
 527 0018 0549     		ldr	r1, .L24+12
 528 001a 0648     		ldr	r0, .L24+16
 529              	.LBE166:
 530              	.LBE168:
 531              		.loc 7 58 1 view .LVU135
 532 001c BDE80840 		pop	{r3, lr}
 533              		.cfi_restore 14
 534              		.cfi_restore 3
 535              		.cfi_def_cfa_offset 0
 536              	.LBB169:
 537              	.LBB167:
  12:Blink.cpp     **** 
 538              		.loc 7 12 12 view .LVU136
 539 0020 FFF7FEBF 		b	__aeabi_atexit
 540              	.LVL30:
 541              	.L25:
 542              		.align	2
 543              	.L24:
 544 0024 00000000 		.word	.LANCHOR1
 545 0028 00000000 		.word	__dso_handle
 546 002c 00000000 		.word	_ZN5daisy9DaisySeedD1Ev
 547 0030 00000000 		.word	_ZN7daisysp10OscillatorD1Ev
 548 0034 00000000 		.word	.LANCHOR0
 549              	.LBE167:
 550              	.LBE169:
 551              		.cfi_endproc
 552              	.LFE5245:
 554              		.section	.init_array,"aw",%init_array
 555              		.align	2
 556 0000 00000000 		.word	_GLOBAL__sub_I_hardware(target1)
 557              		.global	osc
 558              		.global	hardware
 559              		.section	.bss.hardware,"aw",%nobits
 560              		.align	2
 561              		.set	.LANCHOR1,. + 0
 564              	hardware:
 565 0000 00000000 		.space	64
 565      00000000 
 565      00000000 
 565      00000000 
 565      00000000 
 566              		.section	.bss.osc,"aw",%nobits
 567              		.align	2
 568              		.set	.LANCHOR0,. + 0
 571              	osc:
 572 0000 00000000 		.space	44
 572      00000000 
 572      00000000 
 572      00000000 
 572      00000000 
 573              		.text
 574              	.Letext0:
 575              		.file 11 "c:\\program files\\daisytoolchain\\arm-none-eabi\\include\\machine\\_default_types.h"
 576              		.file 12 "c:\\program files\\daisytoolchain\\arm-none-eabi\\include\\sys\\_stdint.h"
ARM GAS  C:\Users\paulb\AppData\Local\Temp\ccNRWkKJ.s 			page 27


 577              		.file 13 "c:\\program files\\daisytoolchain\\arm-none-eabi\\include\\stdint.h"
 578              		.file 14 "c:\\program files\\daisytoolchain\\lib\\gcc\\arm-none-eabi\\10.2.1\\include\\stddef.h"
 579              		.file 15 "c:\\program files\\daisytoolchain\\arm-none-eabi\\include\\c++\\10.2.1\\cmath"
 580              		.file 16 "c:\\program files\\daisytoolchain\\arm-none-eabi\\include\\c++\\10.2.1\\bits\\std_abs.h"
 581              		.file 17 "c:\\program files\\daisytoolchain\\arm-none-eabi\\include\\c++\\10.2.1\\cstdlib"
 582              		.file 18 "c:\\program files\\daisytoolchain\\arm-none-eabi\\include\\c++\\10.2.1\\cstdint"
 583              		.file 19 "c:\\program files\\daisytoolchain\\arm-none-eabi\\include\\c++\\10.2.1\\type_traits"
 584              		.file 20 "c:\\program files\\daisytoolchain\\arm-none-eabi\\include\\c++\\10.2.1\\debug\\debug.h"
 585              		.file 21 "c:\\program files\\daisytoolchain\\arm-none-eabi\\include\\c++\\10.2.1\\arm-none-eabi\\t
 586              		.file 22 "c:\\program files\\daisytoolchain\\arm-none-eabi\\include\\c++\\10.2.1\\bits\\algorithmf
 587              		.file 23 "c:\\program files\\daisytoolchain\\arm-none-eabi\\include\\c++\\10.2.1\\bits\\stl_pair.h
 588              		.file 24 "c:\\program files\\daisytoolchain\\arm-none-eabi\\include\\c++\\10.2.1\\bits\\exception_
 589              		.file 25 "c:\\program files\\daisytoolchain\\arm-none-eabi\\include\\c++\\10.2.1\\cstdarg"
 590              		.file 26 "c:\\program files\\daisytoolchain\\arm-none-eabi\\include\\c++\\10.2.1\\cstdio"
 591              		.file 27 "c:\\program files\\daisytoolchain\\arm-none-eabi\\include\\c++\\10.2.1\\cstring"
 592              		.file 28 "c:\\program files\\daisytoolchain\\arm-none-eabi\\include\\c++\\10.2.1\\cwchar"
 593              		.file 29 "c:\\program files\\daisytoolchain\\arm-none-eabi\\include\\c++\\10.2.1\\clocale"
 594              		.file 30 "c:\\program files\\daisytoolchain\\arm-none-eabi\\include\\c++\\10.2.1\\bits\\basic_stri
 595              		.file 31 "c:\\program files\\daisytoolchain\\arm-none-eabi\\include\\c++\\10.2.1\\bits\\stl_tempbu
 596              		.file 32 "c:\\program files\\daisytoolchain\\arm-none-eabi\\include\\c++\\10.2.1\\bits\\predefined
 597              		.file 33 "c:\\program files\\daisytoolchain\\arm-none-eabi\\include\\sys\\_types.h"
 598              		.file 34 "c:\\program files\\daisytoolchain\\arm-none-eabi\\include\\sys\\reent.h"
 599              		.file 35 "c:\\program files\\daisytoolchain\\arm-none-eabi\\include\\sys\\lock.h"
 600              		.file 36 "c:\\program files\\daisytoolchain\\arm-none-eabi\\include\\math.h"
 601              		.file 37 "c:\\program files\\daisytoolchain\\arm-none-eabi\\include\\stdlib.h"
 602              		.file 38 "c:\\program files\\daisytoolchain\\arm-none-eabi\\include\\c++\\10.2.1\\math.h"
 603              		.file 39 "c:\\program files\\daisytoolchain\\arm-none-eabi\\include\\c++\\10.2.1\\stdlib.h"
 604              		.file 40 "../../libDaisy/src/daisy_core.h"
 605              		.file 41 "../../libDaisy/src/per/tim.h"
 606              		.file 42 "../../libDaisy/src/util/wav_format.h"
 607              		.file 43 "../../libDaisy/src/dev/max11300.h"
 608              		.file 44 "../../libDaisy/src/per/gpio.h"
 609              		.file 45 "../../libDaisy/src/dev/sdram.h"
 610              		.file 46 "c:\\program files\\daisytoolchain\\lib\\gcc\\arm-none-eabi\\10.2.1\\include\\stdarg.h"
 611              		.file 47 "c:\\program files\\daisytoolchain\\arm-none-eabi\\include\\stdio.h"
 612              		.file 48 "c:\\program files\\daisytoolchain\\arm-none-eabi\\include\\string.h"
 613              		.file 49 "../../DaisySP/Source/Control/adenv.h"
 614              		.file 50 "../../DaisySP/Source/Utility/dsp.h"
 615              		.file 51 "c:\\program files\\daisytoolchain\\arm-none-eabi\\include\\wchar.h"
 616              		.file 52 "c:\\program files\\daisytoolchain\\arm-none-eabi\\include\\locale.h"
 617              		.file 53 "<built-in>"
 618              		.file 54 "../../libDaisy/src/dev/sr_595.h"
ARM GAS  C:\Users\paulb\AppData\Local\Temp\ccNRWkKJ.s 			page 28


DEFINED SYMBOLS
                            *ABS*:00000000 Blink.cpp
C:\Users\paulb\AppData\Local\Temp\ccNRWkKJ.s:17     .text._ZN5daisy9DaisySeedD2Ev:00000000 $t
C:\Users\paulb\AppData\Local\Temp\ccNRWkKJ.s:26     .text._ZN5daisy9DaisySeedD2Ev:00000000 _ZN5daisy9DaisySeedD2Ev
C:\Users\paulb\AppData\Local\Temp\ccNRWkKJ.s:26     .text._ZN5daisy9DaisySeedD2Ev:00000000 _ZN5daisy9DaisySeedD1Ev
C:\Users\paulb\AppData\Local\Temp\ccNRWkKJ.s:67     .text._ZN7daisysp10OscillatorD2Ev:00000000 $t
C:\Users\paulb\AppData\Local\Temp\ccNRWkKJ.s:75     .text._ZN7daisysp10OscillatorD2Ev:00000000 _ZN7daisysp10OscillatorD2Ev
C:\Users\paulb\AppData\Local\Temp\ccNRWkKJ.s:75     .text._ZN7daisysp10OscillatorD2Ev:00000000 _ZN7daisysp10OscillatorD1Ev
C:\Users\paulb\AppData\Local\Temp\ccNRWkKJ.s:92     .text._Z10MyCallbackPKfPfj:00000000 $t
C:\Users\paulb\AppData\Local\Temp\ccNRWkKJ.s:100    .text._Z10MyCallbackPKfPfj:00000000 _Z10MyCallbackPKfPfj
C:\Users\paulb\AppData\Local\Temp\ccNRWkKJ.s:176    .text._Z10MyCallbackPKfPfj:00000028 $d
C:\Users\paulb\AppData\Local\Temp\ccNRWkKJ.s:181    .text.startup.main:00000000 $t
C:\Users\paulb\AppData\Local\Temp\ccNRWkKJ.s:189    .text.startup.main:00000000 main
C:\Users\paulb\AppData\Local\Temp\ccNRWkKJ.s:387    .text.startup.main:00000098 $d
C:\Users\paulb\AppData\Local\Temp\ccNRWkKJ.s:396    .text.startup._GLOBAL__sub_I_hardware:00000000 $t
C:\Users\paulb\AppData\Local\Temp\ccNRWkKJ.s:403    .text.startup._GLOBAL__sub_I_hardware:00000000 _GLOBAL__sub_I_hardware
C:\Users\paulb\AppData\Local\Temp\ccNRWkKJ.s:544    .text.startup._GLOBAL__sub_I_hardware:00000024 $d
C:\Users\paulb\AppData\Local\Temp\ccNRWkKJ.s:555    .init_array:00000000 $d
C:\Users\paulb\AppData\Local\Temp\ccNRWkKJ.s:571    .bss.osc:00000000 osc
C:\Users\paulb\AppData\Local\Temp\ccNRWkKJ.s:564    .bss.hardware:00000000 hardware
C:\Users\paulb\AppData\Local\Temp\ccNRWkKJ.s:560    .bss.hardware:00000000 $d
C:\Users\paulb\AppData\Local\Temp\ccNRWkKJ.s:567    .bss.osc:00000000 $d
                           .group:00000000 _ZN5daisy9DaisySeedD5Ev
                           .group:00000000 _ZN7daisysp10OscillatorD5Ev

UNDEFINED SYMBOLS
_ZN7daisysp10Oscillator7ProcessEv
_ZN5daisy9DaisySeed9ConfigureEv
_ZN5daisy9DaisySeed4InitEb
_ZN5daisy9DaisySeed15AudioSampleRateEv
_ZN7daisysp10Oscillator12CalcPhaseIncEf
_ZN5daisy9DaisySeed10StartAudioEPFvPKfPfjE
_ZN5daisy9DaisySeed6SetLedEb
_ZN5daisy6System5DelayEm
__aeabi_atexit
__dso_handle
